Archive member included to satisfy reference by file (symbol)

platform/libplatform_s.a(system_nrf54l.o)
                              secure_fw/CMakeFiles/tfm_s.dir/__/platform/ext/target/nordic_nrf/common/core/startup.o (SystemInit)
platform/libplatform_s.a(nrf54l_init.o)
                              secure_fw/CMakeFiles/tfm_s.dir/__/platform/ext/target/nordic_nrf/common/core/startup_nrf54lx.o (CRACEN_IRQHandler)
platform/libplatform_s.a(exception_info.o)
                              secure_fw/CMakeFiles/tfm_s.dir/__/platform/ext/target/nordic_nrf/common/core/startup_nrf54l_common.o (store_and_dump_context)
platform/libplatform_s.a(tfm_hal_spm_logdev_peripheral.o)
                              platform/libplatform_s.a(exception_info.o) (tfm_hal_output_spm_log)
platform/libplatform_s.a(uart_stdout.o)
                              platform/libplatform_s.a(tfm_hal_spm_logdev_peripheral.o) (stdio_output_string)
platform/libplatform_s.a(Driver_USART.o)
                              platform/libplatform_s.a(uart_stdout.o) (Driver_USART30)
platform/libplatform_s.a(nrfx_uarte.o)
                              platform/libplatform_s.a(Driver_USART.o) (nrfx_uarte_init)
platform/libplatform_s.a(nrfx_glue.o)
                              platform/libplatform_s.a(nrfx_uarte.o) (nrfx_critical_section_enter)
secure_fw/partitions/lib/runtime/libtfm_sprt.a(crt_memmove.o)
                              platform/libplatform_s.a(nrfx_uarte.o) (memmove)
secure_fw/partitions/lib/runtime/libtfm_sprt.a(crt_memcpy.o)
                              platform/libplatform_s.a(exception_info.o) (memcpy)
secure_fw/partitions/lib/runtime/libtfm_sprt.a(crt_memset.o)
                              c:/ncs/toolchains/66cdf9b75e/opt/zephyr-sdk/arm-zephyr-eabi/bin/../lib/gcc/arm-zephyr-eabi/12.2.0/../../../../arm-zephyr-eabi/lib/thumb/v8-m.main/nofp/crt0.o (memset)
secure_fw/partitions/lib/runtime/libtfm_sprt.a(psa_api_ipc.o)
                              secure_fw/CMakeFiles/tfm_s.dir/partitions/ns_agent_tz/psa_api_veneers_v80m.o (psa_framework_version)
secure_fw/partitions/lib/runtime/libtfm_sprt.a(sprt_partition_metadata_indicator.o)
                              secure_fw/partitions/lib/runtime/libtfm_sprt.a(psa_api_ipc.o) (p_partition_metadata)
secure_fw/spm/libtfm_spm.a(utilities.o)
                              secure_fw/CMakeFiles/tfm_s.dir/__/platform/ext/target/nordic_nrf/common/core/startup.o (tfm_core_panic)
secure_fw/spm/libtfm_spm.a(spm_log.o)
                              platform/libplatform_s.a(exception_info.o) (spm_log_msgval)
secure_fw/spm/libtfm_spm.a(main.o)
                              c:/ncs/toolchains/66cdf9b75e/opt/zephyr-sdk/arm-zephyr-eabi/bin/../lib/gcc/arm-zephyr-eabi/12.2.0/../../../../arm-zephyr-eabi/lib/thumb/v8-m.main/nofp/crt0.o (main)
secure_fw/spm/libtfm_spm.a(tfm_arch_v8m_main.o)
                              secure_fw/spm/libtfm_spm.a(main.o) (tfm_arch_set_secure_exception_priorities)
secure_fw/spm/libtfm_spm.a(ns_agent_tz_v80m.o)
                              secure_fw/CMakeFiles/tfm_s.dir/partitions/ns_agent_tz/load_info_ns_agent_tz.o (ns_agent_tz_main)
secure_fw/spm/libtfm_spm.a(tfm_hal_isolation.o)
                              secure_fw/spm/libtfm_spm.a(main.o) (tfm_hal_set_up_static_boundaries)
secure_fw/spm/libtfm_spm.a(faults.o)
                              secure_fw/CMakeFiles/tfm_s.dir/__/platform/ext/target/nordic_nrf/common/core/startup_nrf54lx.o (SPU00_IRQHandler)
secure_fw/spm/libtfm_spm.a(target_cfg.o)
                              secure_fw/spm/libtfm_spm.a(tfm_hal_isolation.o) (memory_regions)
secure_fw/spm/libtfm_spm.a(target_cfg_54l.o)
                              secure_fw/spm/libtfm_spm.a(tfm_hal_isolation.o) (sau_and_idau_cfg)
secure_fw/spm/libtfm_spm.a(secure_peripherals_defs.o)
                              secure_fw/spm/libtfm_spm.a(tfm_hal_isolation.o) (tfm_peripheral_uarte30)
secure_fw/spm/libtfm_spm.a(tfm_boot_data.o)
                              secure_fw/spm/libtfm_spm.a(main.o) (tfm_core_validate_boot_data)
secure_fw/spm/libtfm_spm.a(spm_ipc.o)
                              secure_fw/spm/libtfm_spm.a(tfm_boot_data.o) (tfm_spm_partition_get_running_partition_id)
secure_fw/spm/libtfm_spm.a(rom_loader.o)
                              secure_fw/spm/libtfm_spm.a(spm_ipc.o) (load_a_partition_assuredly)
secure_fw/spm/libtfm_spm.a(backend_ipc.o)
                              secure_fw/spm/libtfm_spm.a(spm_ipc.o) (backend_init_comp_assuredly)
secure_fw/spm/libtfm_spm.a(tfm_svcalls.o)
                              secure_fw/spm/libtfm_spm.a(tfm_arch_v8m_main.o) (spm_svc_handler)
secure_fw/spm/libtfm_spm.a(thread.o)
                              secure_fw/spm/libtfm_spm.a(backend_ipc.o) (thrd_set_query_callback)
secure_fw/spm/libtfm_spm.a(tfm_spm_ns_ctx.o)
                              secure_fw/spm/libtfm_spm.a(backend_ipc.o) (tz_ns_agent_register_client_id_range)
secure_fw/spm/libtfm_spm.a(spm_connection_pool.o)
[...]
Memory Configuration

Name             Origin             Length             Attributes
FLASH            0x0000000000000000 0x0000000000040000 xr
RAM              0x0000000020000000 0x0000000000013000 rw
*default*        0x0000000000000000 0xffffffffffffffff

Linker script and memory map

LOAD c:/ncs/toolchains/66cdf9b75e/opt/zephyr-sdk/arm-zephyr-eabi/bin/../lib/gcc/arm-zephyr-eabi/12.2.0/thumb/v8-m.main/nofp/crti.o
LOAD c:/ncs/toolchains/66cdf9b75e/opt/zephyr-sdk/arm-zephyr-eabi/bin/../lib/gcc/arm-zephyr-eabi/12.2.0/thumb/v8-m.main/nofp/crtbegin.o
LOAD c:/ncs/toolchains/66cdf9b75e/opt/zephyr-sdk/arm-zephyr-eabi/bin/../lib/gcc/arm-zephyr-eabi/12.2.0/../../../../arm-zephyr-eabi/lib/thumb/v8-m.main/nofp/crt0.o
LOAD secure_fw/CMakeFiles/tfm_s.dir/partitions/ns_agent_tz/psa_api_veneers_v80m.o
LOAD secure_fw/CMakeFiles/tfm_s.dir/__/platform/ext/target/nordic_nrf/common/core/startup.o
LOAD secure_fw/CMakeFiles/tfm_s.dir/__/platform/ext/target/nordic_nrf/common/core/startup_nrf54lx.o
LOAD secure_fw/CMakeFiles/tfm_s.dir/__/platform/ext/target/nordic_nrf/common/core/startup_nrf54l_common.o
LOAD secure_fw/CMakeFiles/tfm_s.dir/__/platform/ext/common/faults.o
LOAD secure_fw/CMakeFiles/tfm_s.dir/__/generated/secure_fw/partitions/crypto/auto_generated/load_info_tfm_crypto.o
LOAD secure_fw/CMakeFiles/tfm_s.dir/__/generated/secure_fw/partitions/protected_storage/auto_generated/load_info_tfm_protected_storage.o
LOAD secure_fw/CMakeFiles/tfm_s.dir/__/generated/secure_fw/partitions/internal_trusted_storage/auto_generated/load_info_tfm_internal_trusted_storage.o
LOAD secure_fw/CMakeFiles/tfm_s.dir/__/generated/secure_fw/partitions/platform/auto_generated/load_info_tfm_platform.o
LOAD secure_fw/CMakeFiles/tfm_s.dir/partitions/ns_agent_tz/load_info_ns_agent_tz.o
LOAD secure_fw/CMakeFiles/tfm_s.dir/__/platform/ext/common/syscalls_stub.o
LOAD secure_fw/CMakeFiles/tfm_s.dir/__/lib/tfm_vprintf/src/tfm_vprintf.o
LOAD platform/libplatform_s.a
LOAD secure_fw/partitions/lib/runtime/libtfm_sprt.a
LOAD secure_fw/spm/libtfm_spm.a
LOAD secure_fw/partitions/crypto/libtfm_psa_rot_partition_crypto.a
LOAD platform/libplatform_crypto_keys.a
LOAD secure_fw/partitions/crypto/mbedcrypto/nrf_security_src/libcrypto_service_mbedcrypto.a
LOAD secure_fw/partitions/protected_storage/libtfm_app_rot_partition_ps.a
LOAD secure_fw/partitions/internal_trusted_storage/libtfm_psa_rot_partition_its.a
LOAD secure_fw/partitions/platform/libtfm_psa_rot_partition_platform.a
LOAD secure_fw/partitions/lib/runtime/libtfm_sp_log.a
LOAD secure_fw/partitions/crypto/mbedcrypto/nrf_security_src/libmbedcrypto_base.a
LOAD secure_fw/partitions/crypto/mbedcrypto/nrf_security_src/core/nrf_oberon/libpsa_core.a
LOAD secure_fw/partitions/crypto/mbedcrypto/nrf_security_src/libnrf_security_utils.a
LOAD secure_fw/partitions/crypto/mbedcrypto/nrf_security_src/drivers/cracen/libcracen_psa_driver.a
LOAD platform/libplatform_s.a
LOAD secure_fw/partitions/lib/runtime/libtfm_sprt.a
LOAD secure_fw/spm/libtfm_spm.a
LOAD secure_fw/partitions/crypto/libtfm_psa_rot_partition_crypto.a
LOAD platform/libplatform_crypto_keys.a
LOAD secure_fw/partitions/crypto/mbedcrypto/nrf_security_src/libcrypto_service_mbedcrypto.a
LOAD secure_fw/partitions/protected_storage/libtfm_app_rot_partition_ps.a
LOAD secure_fw/partitions/internal_trusted_storage/libtfm_psa_rot_partition_its.a
LOAD secure_fw/partitions/platform/libtfm_psa_rot_partition_platform.a
LOAD secure_fw/partitions/lib/runtime/libtfm_sp_log.a
LOAD secure_fw/partitions/crypto/mbedcrypto/nrf_security_src/libmbedcrypto_base.a
LOAD secure_fw/partitions/crypto/mbedcrypto/nrf_security_src/core/nrf_oberon/libpsa_core.a
LOAD secure_fw/partitions/crypto/mbedcrypto/nrf_security_src/libnrf_security_utils.a
LOAD secure_fw/partitions/crypto/mbedcrypto/nrf_security_src/drivers/cracen/libcracen_psa_driver.a
LOAD platform/libplatform_s.a
LOAD secure_fw/partitions/lib/runtime/libtfm_sprt.a
LOAD secure_fw/spm/libtfm_spm.a
LOAD secure_fw/partitions/crypto/libtfm_psa_rot_partition_crypto.a
LOAD platform/libplatform_crypto_keys.a
LOAD secure_fw/partitions/crypto/mbedcrypto/nrf_security_src/libcrypto_service_mbedcrypto.a
LOAD secure_fw/partitions/protected_storage/libtfm_app_rot_partition_ps.a
LOAD secure_fw/partitions/internal_trusted_storage/libtfm_psa_rot_partition_its.a
LOAD secure_fw/partitions/platform/libtfm_psa_rot_partition_platform.a
LOAD secure_fw/partitions/lib/runtime/libtfm_sp_log.a
LOAD secure_fw/partitions/crypto/mbedcrypto/nrf_security_src/libmbedcrypto_base.a
LOAD secure_fw/partitions/crypto/mbedcrypto/nrf_security_src/core/nrf_oberon/libpsa_core.a
LOAD secure_fw/partitions/crypto/mbedcrypto/nrf_security_src/libnrf_security_utils.a
LOAD secure_fw/partitions/crypto/mbedcrypto/nrf_security_src/drivers/cracen/libcracen_psa_driver.a
START GROUP
LOAD c:/ncs/toolchains/66cdf9b75e/opt/zephyr-sdk/arm-zephyr-eabi/bin/../lib/gcc/arm-zephyr-eabi/12.2.0/thumb/v8-m.main/nofp\libgcc.a
LOAD c:/ncs/toolchains/66cdf9b75e/opt/zephyr-sdk/arm-zephyr-eabi/bin/../lib/gcc/arm-zephyr-eabi/12.2.0/../../../../arm-zephyr-eabi/lib/thumb/v8-m.main/nofp\libc_nano.a
END GROUP
START GROUP
LOAD c:/ncs/toolchains/66cdf9b75e/opt/zephyr-sdk/arm-zephyr-eabi/bin/../lib/gcc/arm-zephyr-eabi/12.2.0/thumb/v8-m.main/nofp\libgcc.a
LOAD c:/ncs/toolchains/66cdf9b75e/opt/zephyr-sdk/arm-zephyr-eabi/bin/../lib/gcc/arm-zephyr-eabi/12.2.0/../../../../arm-zephyr-eabi/lib/thumb/v8-m.main/nofp\libc_nano.a
LOAD c:/ncs/toolchains/66cdf9b75e/opt/zephyr-sdk/arm-zephyr-eabi/bin/../lib/gcc/arm-zephyr-eabi/12.2.0/../../../../arm-zephyr-eabi/lib/thumb/v8-m.main/nofp\libnosys.a
END GROUP
START GROUP
LOAD c:/ncs/toolchains/66cdf9b75e/opt/zephyr-sdk/arm-zephyr-eabi/bin/../lib/gcc/arm-zephyr-eabi/12.2.0/thumb/v8-m.main/nofp\libgcc.a
LOAD c:/ncs/toolchains/66cdf9b75e/opt/zephyr-sdk/arm-zephyr-eabi/bin/../lib/gcc/arm-zephyr-eabi/12.2.0/../../../../arm-zephyr-eabi/lib/thumb/v8-m.main/nofp\libc_nano.a
LOAD c:/ncs/toolchains/66cdf9b75e/opt/zephyr-sdk/arm-zephyr-eabi/bin/../lib/gcc/arm-zephyr-eabi/12.2.0/../../../../arm-zephyr-eabi/lib/thumb/v8-m.main/nofp\libnosys.a
END GROUP
LOAD c:/ncs/toolchains/66cdf9b75e/opt/zephyr-sdk/arm-zephyr-eabi/bin/../lib/gcc/arm-zephyr-eabi/12.2.0/thumb/v8-m.main/nofp/crtend.o
LOAD c:/ncs/toolchains/66cdf9b75e/opt/zephyr-sdk/arm-zephyr-eabi/bin/../lib/gcc/arm-zephyr-eabi/12.2.0/thumb/v8-m.main/nofp/crtn.o
                0x0000000000000800                __msp_stack_size__ = 0x800
                0x0000000000000000                Image$$PT_RO_START$$Base = ADDR (.TFM_VECTORS)

.TFM_VECTORS    0x0000000000000000      0x478
                0x0000000000000000                __vectors_start__ = .
 *(.vectors)
 .vectors       0x0000000000000000      0x478 secure_fw/CMakeFiles/tfm_s.dir/__/platform/ext/target/nordic_nrf/common/core/startup_nrf54lx.o
                0x0000000000000000                __Vectors
                0x0000000000000478                . = ALIGN (0x4)
                0x0000000000000478                __vectors_end__ = .
                0x0000000000000001                ASSERT ((__vectors_start__ != __vectors_end__), .vectors should not be empty)
                0x0000000000000001                ASSERT ((. <= (ADDR (.TFM_VECTORS) + 0x47c)), .TFM_VECTORS section size overflow.)
                0x000000000000047c                . = (ADDR (.TFM_VECTORS) + 0x47c)

.gnu.sgstubs    0x0000000000000480       0x40
 *(.gnu.sgstubs*)
 .gnu.sgstubs.__stub
                0x0000000000000480       0x28 linker stubs
                0x0000000000000480                tfm_psa_framework_version_veneer
                0x0000000000000488                tfm_psa_version_veneer
                0x0000000000000490                tfm_psa_close_veneer
                0x0000000000000498                tfm_psa_connect_veneer
                0x00000000000004a0                tfm_psa_call_veneer

.sgstubs_end    0x00000000000004c0        0x0

.TFM_SP_LOAD_LIST
                0x00000000000004c0      0x188
 *(.part_load_priority_00)
 .part_load_priority_00
                0x00000000000004c0       0x38 secure_fw/CMakeFiles/tfm_s.dir/partitions/ns_agent_tz/load_info_ns_agent_tz.o
                0x00000000000004c0                tfm_sp_ns_agent_tz_load
 *(.part_load_priority_01)
 *(.part_load_priority_02)
 .part_load_priority_02
                0x00000000000004f8       0x54 secure_fw/CMakeFiles/tfm_s.dir/__/generated/secure_fw/partitions/crypto/auto_generated/load_info_tfm_crypto.o
                0x00000000000004f8                tfm_sp_crypto_load
 .part_load_priority_02
                0x000000000000054c       0x5c secure_fw/CMakeFiles/tfm_s.dir/__/generated/secure_fw/partitions/protected_storage/auto_generated/load_info_tfm_protected_storage.o
                0x000000000000054c                tfm_sp_ps_load
 .part_load_priority_02
                0x00000000000005a8       0x50 secure_fw/CMakeFiles/tfm_s.dir/__/generated/secure_fw/partitions/internal_trusted_storage/auto_generated/load_info_tfm_internal_trusted_storage.o
                0x00000000000005a8                tfm_sp_its_load
 .part_load_priority_02
                0x00000000000005f8       0x50 secure_fw/CMakeFiles/tfm_s.dir/__/generated/secure_fw/partitions/platform/auto_generated/load_info_tfm_platform.o
                0x00000000000005f8                tfm_sp_platform_load
 *(.part_load_priority_03)
                0x00000000000004c0                Image$$TFM_SP_LOAD_LIST$$RO$$Base = ADDR (.TFM_SP_LOAD_LIST)
                0x0000000000000648                Image$$TFM_SP_LOAD_LIST$$RO$$Limit = (ADDR (.TFM_SP_LOAD_LIST) + SIZEOF (.TFM_SP_LOAD_LIST))
                0x0000000000000660                . = ALIGN (0x20)
                0x0000000000000660                Image$$TFM_PSA_CODE_START$$Base = .

.TFM_PSA_ROT_LINKER
                0x0000000000000660     0x2960
 *tfm_psa_rot_partition*:(SORT_BY_ALIGNMENT(.text*))
 .text.tfm_crypto_clear_scratch
                0x0000000000000660       0x24 secure_fw/partitions/crypto/libtfm_psa_rot_partition_crypto.a(crypto_init.o)
 .text.tfm_crypto_get_caller_id
                0x0000000000000684       0x10 secure_fw/partitions/crypto/libtfm_psa_rot_partition_crypto.a(crypto_init.o)
                0x0000000000000684                tfm_crypto_get_caller_id
 .text.tfm_crypto_sfn
                0x0000000000000694      0x240 secure_fw/partitions/crypto/libtfm_psa_rot_partition_crypto.a(crypto_init.o)
                0x0000000000000694                tfm_crypto_sfn
 .text.tfm_crypto_init_alloc
                0x00000000000008d4       0x18 secure_fw/partitions/crypto/libtfm_psa_rot_partition_crypto.a(crypto_alloc.o)
                0x00000000000008d4                tfm_crypto_init_alloc
 .text.tfm_crypto_operation_alloc
                0x00000000000008ec       0x68 secure_fw/partitions/crypto/libtfm_psa_rot_partition_crypto.a(crypto_alloc.o)
                0x00000000000008ec                tfm_crypto_operation_alloc
 .text.tfm_crypto_operation_release
                0x0000000000000954       0x5c secure_fw/partitions/crypto/libtfm_psa_rot_partition_crypto.a(crypto_alloc.o)
                0x0000000000000954                tfm_crypto_operation_release
 .text.tfm_crypto_operation_lookup
                0x00000000000009b0       0x58 secure_fw/partitions/crypto/libtfm_psa_rot_partition_crypto.a(crypto_alloc.o)
                0x00000000000009b0                tfm_crypto_operation_lookup
 .text.tfm_crypto_library_get_info
                0x0000000000000a08       0x1c secure_fw/partitions/crypto/libtfm_psa_rot_partition_crypto.a(crypto_library.o)
                0x0000000000000a08                tfm_crypto_library_get_info
 .text.tfm_crypto_core_library_init
                0x0000000000000a24       0x20 secure_fw/partitions/crypto/libtfm_psa_rot_partition_crypto.a(crypto_library.o)
                0x0000000000000a24                tfm_crypto_core_library_init
 .text.tfm_internal_trusted_storage_service_sfn
                0x0000000000000a44      0x118 secure_fw/partitions/internal_trusted_storage/libtfm_psa_rot_partition_its.a(tfm_its_req_mngr.o)
                0x0000000000000a44                tfm_internal_trusted_storage_service_sfn
 .text.its_req_mngr_read
                0x0000000000000b5c       0x14 secure_fw/partitions/internal_trusted_storage/libtfm_psa_rot_partition_its.a(tfm_its_req_mngr.o)
                0x0000000000000b5c                its_req_mngr_read
 .text.its_req_mngr_write
                0x0000000000000b70       0x14 secure_fw/partitions/internal_trusted_storage/libtfm_psa_rot_partition_its.a(tfm_its_req_mngr.o)
                0x0000000000000b70                its_req_mngr_write
 .text.get_file_info
                0x0000000000000b84       0x58 secure_fw/partitions/internal_trusted_storage/libtfm_psa_rot_partition_its.a(tfm_internal_trusted_storage.o)
 .text.tfm_its_init
                0x0000000000000bdc      0x104 secure_fw/partitions/internal_trusted_storage/libtfm_psa_rot_partition_its.a(tfm_internal_trusted_storage.o)
                0x0000000000000bdc                tfm_its_init
 .text.tfm_its_set
                0x0000000000000ce0       0xf4 secure_fw/partitions/internal_trusted_storage/libtfm_psa_rot_partition_its.a(tfm_internal_trusted_storage.o)
                0x0000000000000ce0                tfm_its_set
 .text.tfm_its_get
                0x0000000000000dd4      0x114 secure_fw/partitions/internal_trusted_storage/libtfm_psa_rot_partition_its.a(tfm_internal_trusted_storage.o)
                0x0000000000000dd4                tfm_its_get
 .text.tfm_its_get_info
                0x0000000000000ee8       0x24 secure_fw/partitions/internal_trusted_storage/libtfm_psa_rot_partition_its.a(tfm_internal_trusted_storage.o)
                0x0000000000000ee8                tfm_its_get_info
 .text.tfm_its_remove
                0x0000000000000f0c       0x44 secure_fw/partitions/internal_trusted_storage/libtfm_psa_rot_partition_its.a(tfm_internal_trusted_storage.o)
                0x0000000000000f0c                tfm_its_remove
 .text.its_flash_nor_write
                0x0000000000000f50       0x44 secure_fw/partitions/internal_trusted_storage/libtfm_psa_rot_partition_its.a(its_flash_nor.o)
 .text.its_flash_nor_read
                0x0000000000000f94       0xc8 secure_fw/partitions/internal_trusted_storage/libtfm_psa_rot_partition_its.a(its_flash_nor.o)
 .text.tfm_crypto_init
                0x000000000000105c       0x1c secure_fw/partitions/crypto/libtfm_psa_rot_partition_crypto.a(crypto_init.o)
                0x000000000000105c                tfm_crypto_init
 .text.tfm_crypto_cipher_interface
                0x0000000000001078      0x1a8 secure_fw/partitions/crypto/libtfm_psa_rot_partition_crypto.a(crypto_cipher.o)
                0x0000000000001078                tfm_crypto_cipher_interface
 .text.tfm_crypto_hash_interface
                0x0000000000001220      0x182 secure_fw/partitions/crypto/libtfm_psa_rot_partition_crypto.a(crypto_hash.o)
                0x0000000000001220                tfm_crypto_hash_interface
 .text.tfm_crypto_mac_interface
                0x00000000000013a2      0x178 secure_fw/partitions/crypto/libtfm_psa_rot_partition_crypto.a(crypto_mac.o)
                0x00000000000013a2                tfm_crypto_mac_interface
 .text.tfm_crypto_aead_interface
                0x000000000000151a      0x210 secure_fw/partitions/crypto/libtfm_psa_rot_partition_crypto.a(crypto_aead.o)
                0x000000000000151a                tfm_crypto_aead_interface
 .text.tfm_crypto_asymmetric_sign_interface
                0x000000000000172a        0x6 secure_fw/partitions/crypto/libtfm_psa_rot_partition_crypto.a(crypto_asymmetric.o)
                0x000000000000172a                tfm_crypto_asymmetric_sign_interface
 .text.tfm_crypto_asymmetric_encrypt_interface
                0x0000000000001730        0x6 secure_fw/partitions/crypto/libtfm_psa_rot_partition_crypto.a(crypto_asymmetric.o)
                0x0000000000001730                tfm_crypto_asymmetric_encrypt_interface
 .text.tfm_crypto_key_derivation_interface
                0x0000000000001736      0x188 secure_fw/partitions/crypto/libtfm_psa_rot_partition_crypto.a(crypto_key_derivation.o)
                0x0000000000001736                tfm_crypto_key_derivation_interface
 .text.tfm_crypto_key_management_interface
                0x00000000000018be      0x176 secure_fw/partitions/crypto/libtfm_psa_rot_partition_crypto.a(crypto_key_management.o)
                0x00000000000018be                tfm_crypto_key_management_interface
 .text.tfm_crypto_random_interface
                0x0000000000001a34        0x8 secure_fw/partitions/crypto/libtfm_psa_rot_partition_crypto.a(crypto_rng.o)
                0x0000000000001a34                tfm_crypto_random_interface
 .text.null_printf
                0x0000000000001a3c        0x8 secure_fw/partitions/crypto/libtfm_psa_rot_partition_crypto.a(crypto_library.o)
 .text.tfm_crypto_library_key_id_init
                0x0000000000001a44        0x6 secure_fw/partitions/crypto/libtfm_psa_rot_partition_crypto.a(crypto_library.o)
                0x0000000000001a44                tfm_crypto_library_key_id_init
 .text.tfm_crypto_library_get_library_key_id_set_owner
                0x0000000000001a4a        0x4 secure_fw/partitions/crypto/libtfm_psa_rot_partition_crypto.a(crypto_library.o)
                0x0000000000001a4a                tfm_crypto_library_get_library_key_id_set_owner
 .text.tfm_crypto_pake_interface
                0x0000000000001a4e        0x6 secure_fw/partitions/crypto/libtfm_psa_rot_partition_crypto.a(crypto_pake.o)
                0x0000000000001a4e                tfm_crypto_pake_interface
 .text.tfm_its_entry
                0x0000000000001a54        0x4 secure_fw/partitions/internal_trusted_storage/libtfm_psa_rot_partition_its.a(tfm_its_req_mngr.o)
                0x0000000000001a54                tfm_its_entry
 .text.tfm_its_crypt_file
                0x0000000000001a58       0xf2 secure_fw/partitions/internal_trusted_storage/libtfm_psa_rot_partition_its.a(its_crypto_interface.o)
                0x0000000000001a58                tfm_its_crypt_file
 .text.its_flash_nor_init
                0x0000000000001b4a       0x14 secure_fw/partitions/internal_trusted_storage/libtfm_psa_rot_partition_its.a(its_flash_nor.o)
 .text.its_flash_nor_flush
                0x0000000000001b5e        0x4 secure_fw/partitions/internal_trusted_storage/libtfm_psa_rot_partition_its.a(its_flash_nor.o)
 .text.its_flash_nor_erase
                0x0000000000001b62       0x2e secure_fw/partitions/internal_trusted_storage/libtfm_psa_rot_partition_its.a(its_flash_nor.o)
 .text.its_flash_fs_delete_idx
                0x0000000000001b90       0xe6 secure_fw/partitions/internal_trusted_storage/libtfm_psa_rot_partition_its.a(its_flash_fs.o)
 .text.its_flash_fs_init_ctx
                0x0000000000001c76       0x64 secure_fw/partitions/internal_trusted_storage/libtfm_psa_rot_partition_its.a(its_flash_fs.o)
                0x0000000000001c76                its_flash_fs_init_ctx
 .text.its_flash_fs_prepare
                0x0000000000001cda       0x34 secure_fw/partitions/internal_trusted_storage/libtfm_psa_rot_partition_its.a(its_flash_fs.o)
                0x0000000000001cda                its_flash_fs_prepare
 .text.its_flash_fs_wipe_all
                0x0000000000001d0e        0x4 secure_fw/partitions/internal_trusted_storage/libtfm_psa_rot_partition_its.a(its_flash_fs.o)
                0x0000000000001d0e                its_flash_fs_wipe_all
 .text.its_flash_fs_file_get_info
                0x0000000000001d12       0x44 secure_fw/partitions/internal_trusted_storage/libtfm_psa_rot_partition_its.a(its_flash_fs.o)
                0x0000000000001d12                its_flash_fs_file_get_info
 .text.its_flash_fs_file_write
                0x0000000000001d56      0x212 secure_fw/partitions/internal_trusted_storage/libtfm_psa_rot_partition_its.a(its_flash_fs.o)
                0x0000000000001d56                its_flash_fs_file_write
 .text.its_flash_fs_file_delete
                0x0000000000001f68       0x20 secure_fw/partitions/internal_trusted_storage/libtfm_psa_rot_partition_its.a(its_flash_fs.o)
                0x0000000000001f68                its_flash_fs_file_delete
 .text.its_flash_fs_file_read
                0x0000000000001f88       0x42 secure_fw/partitions/internal_trusted_storage/libtfm_psa_rot_partition_its.a(its_flash_fs.o)
                0x0000000000001f88                its_flash_fs_file_read
 .text.its_flash_fs_dblock_compact_block
                0x0000000000001fca       0xaa secure_fw/partitions/internal_trusted_storage/libtfm_psa_rot_partition_its.a(its_flash_fs_dblock.o)
                0x0000000000001fca                its_flash_fs_dblock_compact_block
 .text.its_flash_fs_dblock_read_file
                0x0000000000002074       0x42 secure_fw/partitions/internal_trusted_storage/libtfm_psa_rot_partition_its.a(its_flash_fs_dblock.o)
                0x0000000000002074                its_flash_fs_dblock_read_file
 .text.its_flash_fs_dblock_write_file
                0x00000000000020b6       0x82 secure_fw/partitions/internal_trusted_storage/libtfm_psa_rot_partition_its.a(its_flash_fs_dblock.o)
                0x00000000000020b6                its_flash_fs_dblock_write_file
 .text.its_mblock_update_scratch_block_meta
                0x0000000000002138       0x1a secure_fw/partitions/internal_trusted_storage/libtfm_psa_rot_partition_its.a(its_flash_fs_mblock.o)
 .text.its_mblock_erase_scratch_blocks
                0x0000000000002152       0x28 secure_fw/partitions/internal_trusted_storage/libtfm_psa_rot_partition_its.a(its_flash_fs_mblock.o)
 .text.its_num_dedicated_dblocks.isra.0
                0x000000000000217a        0xc secure_fw/partitions/internal_trusted_storage/libtfm_psa_rot_partition_its.a(its_flash_fs_mblock.o)
 .text.its_mblock_file_meta_offset.isra.0
                0x0000000000002186       0x16 secure_fw/partitions/internal_trusted_storage/libtfm_psa_rot_partition_its.a(its_flash_fs_mblock.o)
 .text.its_mblock_calculate_metadata_xor.part.0
                0x000000000000219c       0xa6 secure_fw/partitions/internal_trusted_storage/libtfm_psa_rot_partition_its.a(its_flash_fs_mblock.o)
 .text.its_mblock_write_scratch_meta_header
                0x0000000000002242       0x44 secure_fw/partitions/internal_trusted_storage/libtfm_psa_rot_partition_its.a(its_flash_fs_mblock.o)
 .text.its_mblock_validate_header_meta
                0x0000000000002286       0x5c secure_fw/partitions/internal_trusted_storage/libtfm_psa_rot_partition_its.a(its_flash_fs_mblock.o)
 .text.its_init_get_active_metablock
                0x00000000000022e2       0xbe secure_fw/partitions/internal_trusted_storage/libtfm_psa_rot_partition_its.a(its_flash_fs_mblock.o)
 .text.its_flash_fs_mblock_cur_data_scratch_id
                0x00000000000023a0        0xa secure_fw/partitions/internal_trusted_storage/libtfm_psa_rot_partition_its.a(its_flash_fs_mblock.o)
                0x00000000000023a0                its_flash_fs_mblock_cur_data_scratch_id
 .text.its_flash_fs_mblock_meta_update_finalize
                0x00000000000023aa       0x2a secure_fw/partitions/internal_trusted_storage/libtfm_psa_rot_partition_its.a(its_flash_fs_mblock.o)
                0x00000000000023aa                its_flash_fs_mblock_meta_update_finalize
 .text.its_flash_fs_mblock_read_file_meta
                0x00000000000023d4       0x7e secure_fw/partitions/internal_trusted_storage/libtfm_psa_rot_partition_its.a(its_flash_fs_mblock.o)
                0x00000000000023d4                its_flash_fs_mblock_read_file_meta
 .text.its_flash_fs_mblock_get_file_idx_meta
                0x0000000000002452       0x66 secure_fw/partitions/internal_trusted_storage/libtfm_psa_rot_partition_its.a(its_flash_fs_mblock.o)
                0x0000000000002452                its_flash_fs_mblock_get_file_idx_meta
 .text.its_flash_fs_mblock_get_file_idx_flag
                0x00000000000024b8       0x3c secure_fw/partitions/internal_trusted_storage/libtfm_psa_rot_partition_its.a(its_flash_fs_mblock.o)
                0x00000000000024b8                its_flash_fs_mblock_get_file_idx_flag
 .text.its_flash_fs_mblock_read_block_metadata
                0x00000000000024f4       0x58 secure_fw/partitions/internal_trusted_storage/libtfm_psa_rot_partition_its.a(its_flash_fs_mblock.o)
                0x00000000000024f4                its_flash_fs_mblock_read_block_metadata
 .text.its_flash_fs_mblock_read_block_metadata_comp
                0x000000000000254c       0x66 secure_fw/partitions/internal_trusted_storage/libtfm_psa_rot_partition_its.a(its_flash_fs_mblock.o)
                0x000000000000254c                its_flash_fs_mblock_read_block_metadata_comp
 .text.its_flash_fs_mblock_reserve_file
                0x00000000000025b2       0xbc secure_fw/partitions/internal_trusted_storage/libtfm_psa_rot_partition_its.a(its_flash_fs_mblock.o)
                0x00000000000025b2                its_flash_fs_mblock_reserve_file
 .text.its_flash_fs_mblock_set_data_scratch
                0x000000000000266e        0x6 secure_fw/partitions/internal_trusted_storage/libtfm_psa_rot_partition_its.a(its_flash_fs_mblock.o)
                0x000000000000266e                its_flash_fs_mblock_set_data_scratch
 .text.its_flash_fs_mblock_update_scratch_file_meta
                0x0000000000002674       0x24 secure_fw/partitions/internal_trusted_storage/libtfm_psa_rot_partition_its.a(its_flash_fs_mblock.o)
                0x0000000000002674                its_flash_fs_mblock_update_scratch_file_meta
 .text.its_flash_fs_mblock_reset_metablock
                0x0000000000002698      0x130 secure_fw/partitions/internal_trusted_storage/libtfm_psa_rot_partition_its.a(its_flash_fs_mblock.o)
                0x0000000000002698                its_flash_fs_mblock_reset_metablock
 .text.its_flash_fs_block_to_block_move
                0x00000000000027c8       0x5c secure_fw/partitions/internal_trusted_storage/libtfm_psa_rot_partition_its.a(its_flash_fs_mblock.o)
                0x00000000000027c8                its_flash_fs_block_to_block_move
 .text.its_flash_fs_mblock_cp_file_meta
                0x0000000000002824       0x2e secure_fw/partitions/internal_trusted_storage/libtfm_psa_rot_partition_its.a(its_flash_fs_mblock.o)
                0x0000000000002824                its_flash_fs_mblock_cp_file_meta
 .text.its_flash_fs_mblock_init
                0x0000000000002852       0xb8 secure_fw/partitions/internal_trusted_storage/libtfm_psa_rot_partition_its.a(its_flash_fs_mblock.o)
                0x0000000000002852                its_flash_fs_mblock_init
 .text.its_flash_fs_mblock_migrate_lb0_data_to_scratch
                0x000000000000290a       0x2e secure_fw/partitions/internal_trusted_storage/libtfm_psa_rot_partition_its.a(its_flash_fs_mblock.o)
                0x000000000000290a                its_flash_fs_mblock_migrate_lb0_data_to_scratch
 .text.its_flash_fs_mblock_update_scratch_block_meta
                0x0000000000002938       0x88 secure_fw/partitions/internal_trusted_storage/libtfm_psa_rot_partition_its.a(its_flash_fs_mblock.o)
                0x0000000000002938                its_flash_fs_mblock_update_scratch_block_meta
 .text.its_utils_check_contained_in
                0x00000000000029c0       0x18 secure_fw/partitions/internal_trusted_storage/libtfm_psa_rot_partition_its.a(its_utils.o)
                0x00000000000029c0                its_utils_check_contained_in
 .text.its_utils_validate_fid
                0x00000000000029d8       0x1a secure_fw/partitions/internal_trusted_storage/libtfm_psa_rot_partition_its.a(its_utils.o)
                0x00000000000029d8                its_utils_validate_fid
 .text.tfm_platform_service_sfn
                0x00000000000029f2      0x258 secure_fw/partitions/platform/libtfm_psa_rot_partition_platform.a(platform_sp.o)
                0x00000000000029f2                tfm_platform_service_sfn
 .text.platform_sp_init
                0x0000000000002c4a       0x12 secure_fw/partitions/platform/libtfm_psa_rot_partition_platform.a(platform_sp.o)
                0x0000000000002c4a                platform_sp_init
 *tfm_psa_rot_partition*:(SORT_BY_ALIGNMENT(.rodata*))
 .rodata.its_flash_fs_ops_nor
                0x0000000000002c5c       0x14 secure_fw/partitions/internal_trusted_storage/libtfm_psa_rot_partition_its.a(its_flash_nor.o)
                0x0000000000002c5c                its_flash_fs_ops_nor
 .rodata.data_width_byte
                0x0000000000002c70        0xc secure_fw/partitions/internal_trusted_storage/libtfm_psa_rot_partition_its.a(its_flash_nor.o)
 .rodata.tfm_crypto_sfn.str1.1
                0x0000000000002c7c       0x25 secure_fw/partitions/crypto/libtfm_psa_rot_partition_crypto.a(crypto_init.o)
 .rodata.tfm_crypto_library_get_info.str1.1
                0x0000000000002ca1        0xf secure_fw/partitions/crypto/libtfm_psa_rot_partition_crypto.a(crypto_library.o)
 .rodata.tfm_its_init.str1.1
                0x0000000000002cb0       0x4b secure_fw/partitions/internal_trusted_storage/libtfm_psa_rot_partition_its.a(tfm_internal_trusted_storage.o)
 *tfm_*partition_its.*:(SORT_BY_ALIGNMENT(.text*))
 *tfm_*partition_its.*:(SORT_BY_ALIGNMENT(.rodata*))
 *(TFM_SP_ITS_PSA-ROT_ATTR_FN)
 *tfm_*partition_crypto.*:(SORT_BY_ALIGNMENT(.text*))
 *tfm_*partition_crypto.*:(SORT_BY_ALIGNMENT(.rodata*))
 *mbedcrypto.*:(SORT_BY_ALIGNMENT(.text*))
 *fill*         0x0000000000002cfb        0x1 
 .text.verify_header
                0x0000000000002cfc       0x40 secure_fw/partitions/crypto/mbedcrypto/nrf_security_src/libcrypto_service_mbedcrypto.a(memory_buffer_alloc.o)
 .text.verify_chain
                0x0000000000002d3c       0x3c secure_fw/partitions/crypto/mbedcrypto/nrf_security_src/libcrypto_service_mbedcrypto.a(memory_buffer_alloc.o)
 .text.buffer_alloc_calloc
                0x0000000000002d78       0xf4 secure_fw/partitions/crypto/mbedcrypto/nrf_security_src/libcrypto_service_mbedcrypto.a(memory_buffer_alloc.o)
 .text.buffer_alloc_free
                0x0000000000002e6c       0xe8 secure_fw/partitions/crypto/mbedcrypto/nrf_security_src/libcrypto_service_mbedcrypto.a(memory_buffer_alloc.o)
 .text.mbedtls_memory_buffer_alloc_init
                0x0000000000002f54       0x64 secure_fw/partitions/crypto/mbedcrypto/nrf_security_src/libcrypto_service_mbedcrypto.a(memory_buffer_alloc.o)
                0x0000000000002f54                mbedtls_memory_buffer_alloc_init
 *mbedcrypto.*:(SORT_BY_ALIGNMENT(.rodata*))
 *mbedtls*acceleration.*:(SORT_BY_ALIGNMENT(.text*))
 *mbedtls*acceleration.*:(SORT_BY_ALIGNMENT(.rodata*))
 *(TFM_SP_CRYPTO_PSA-ROT_ATTR_FN)
 *tfm_*partition_platform.*:(SORT_BY_ALIGNMENT(.text*))
 *tfm_*partition_platform.*:(SORT_BY_ALIGNMENT(.rodata*))
 *(TFM_SP_PLATFORM_PSA-ROT_ATTR_FN)
 *(TFM_*_PSA-ROT_ATTR_FN)
                0x0000000000002fc0                . = ALIGN (0x20)
 *fill*         0x0000000000002fb8        0x8 
                0x0000000000000660                Image$$TFM_PSA_ROT_LINKER$$RO$$Base = ADDR (.TFM_PSA_ROT_LINKER)
                0x0000000000002fc0                Image$$TFM_PSA_ROT_LINKER$$RO$$Limit = (ADDR (.TFM_PSA_ROT_LINKER) + SIZEOF (.TFM_PSA_ROT_LINKER))
                0x0000000000000660                Image$$TFM_PSA_ROT_LINKER$$Base = ADDR (.TFM_PSA_ROT_LINKER)
                0x0000000000002fc0                Image$$TFM_PSA_ROT_LINKER$$Limit = (ADDR (.TFM_PSA_ROT_LINKER) + SIZEOF (.TFM_PSA_ROT_LINKER))
                0x0000000000002fc0                Image$$TFM_PSA_CODE_END$$Base = .
                0x0000000000002fc0                Image$$TFM_APP_CODE_START$$Base = .

.TFM_APP_ROT_LINKER
                0x0000000000002fc0      0xd80
 *tfm_app_rot_partition*:(SORT_BY_ALIGNMENT(.text*))
 .text.ps_object_table_create
                0x0000000000002fc0       0x44 secure_fw/partitions/protected_storage/libtfm_app_rot_partition_ps.a(ps_object_table.o)
                0x0000000000002fc0                ps_object_table_create
 *fill*         0x0000000000003004        0x4 
 .text.ps_object_table_init
                0x0000000000003008      0x13c secure_fw/partitions/protected_storage/libtfm_app_rot_partition_ps.a(ps_object_table.o)
                0x0000000000003008                ps_object_table_init
 .text.tfm_protected_storage_service_sfn
                0x0000000000003144      0x128 secure_fw/partitions/protected_storage/libtfm_app_rot_partition_ps.a(tfm_ps_req_mngr.o)
                0x0000000000003144                tfm_protected_storage_service_sfn
 .text.ps_req_mngr_read_asset_data
                0x000000000000326c       0x24 secure_fw/partitions/protected_storage/libtfm_app_rot_partition_ps.a(tfm_ps_req_mngr.o)
                0x000000000000326c                ps_req_mngr_read_asset_data
 .text.ps_req_mngr_write_asset_data
                0x0000000000003290       0x18 secure_fw/partitions/protected_storage/libtfm_app_rot_partition_ps.a(tfm_ps_req_mngr.o)
                0x0000000000003290                ps_req_mngr_write_asset_data
 .text.tfm_ps_init
                0x00000000000032a8       0x28 secure_fw/partitions/protected_storage/libtfm_app_rot_partition_ps.a(tfm_protected_storage.o)
                0x00000000000032a8                tfm_ps_init
 .text.ps_update_table
                0x00000000000032d0       0x28 secure_fw/partitions/protected_storage/libtfm_app_rot_partition_ps.a(ps_object_system.o)
 .text.ps_system_prepare
                0x00000000000032f8       0x1c secure_fw/partitions/protected_storage/libtfm_app_rot_partition_ps.a(ps_object_system.o)
                0x00000000000032f8                ps_system_prepare
 .text.ps_object_read
                0x0000000000003314       0x74 secure_fw/partitions/protected_storage/libtfm_app_rot_partition_ps.a(ps_object_system.o)
                0x0000000000003314                ps_object_read
 .text.ps_object_create
                0x0000000000003388      0x114 secure_fw/partitions/protected_storage/libtfm_app_rot_partition_ps.a(ps_object_system.o)
                0x0000000000003388                ps_object_create
 .text.ps_object_get_info
                0x000000000000349c       0x5c secure_fw/partitions/protected_storage/libtfm_app_rot_partition_ps.a(ps_object_system.o)
                0x000000000000349c                ps_object_get_info
 .text.ps_object_delete
                0x00000000000034f8       0x78 secure_fw/partitions/protected_storage/libtfm_app_rot_partition_ps.a(ps_object_system.o)
                0x00000000000034f8                ps_object_delete
 .text.ps_get_object_entry_idx
                0x0000000000003570       0x34 secure_fw/partitions/protected_storage/libtfm_app_rot_partition_ps.a(ps_object_table.o)
 .text.ps_object_table_save_table.constprop.0
                0x00000000000035a4       0xcc secure_fw/partitions/protected_storage/libtfm_app_rot_partition_ps.a(ps_object_table.o)
 .text.ps_object_table_get_free_fid
                0x0000000000003670       0x64 secure_fw/partitions/protected_storage/libtfm_app_rot_partition_ps.a(ps_object_table.o)
                0x0000000000003670                ps_object_table_get_free_fid
 .text.ps_object_table_set_obj_tbl_info
                0x00000000000036d4       0xac secure_fw/partitions/protected_storage/libtfm_app_rot_partition_ps.a(ps_object_table.o)
                0x00000000000036d4                ps_object_table_set_obj_tbl_info
 .text.ps_object_table_get_obj_tbl_info
                0x0000000000003780       0x2c secure_fw/partitions/protected_storage/libtfm_app_rot_partition_ps.a(ps_object_table.o)
                0x0000000000003780                ps_object_table_get_obj_tbl_info
 .text.ps_object_table_delete_object
                0x00000000000037ac       0x4c secure_fw/partitions/protected_storage/libtfm_app_rot_partition_ps.a(ps_object_table.o)
                0x00000000000037ac                ps_object_table_delete_object
 .text.ps_object_table_delete_old_table
                0x00000000000037f8       0x14 secure_fw/partitions/protected_storage/libtfm_app_rot_partition_ps.a(ps_object_table.o)
                0x00000000000037f8                ps_object_table_delete_old_table
 .text.ps_crypto_setkey.constprop.0
                0x000000000000380c       0x88 secure_fw/partitions/protected_storage/libtfm_app_rot_partition_ps.a(ps_crypto_interface.o)
 .text.ps_crypto_set_iv
                0x0000000000003894       0x10 secure_fw/partitions/protected_storage/libtfm_app_rot_partition_ps.a(ps_crypto_interface.o)
                0x0000000000003894                ps_crypto_set_iv
 .text.ps_crypto_get_iv
                0x00000000000038a4       0x70 secure_fw/partitions/protected_storage/libtfm_app_rot_partition_ps.a(ps_crypto_interface.o)
                0x00000000000038a4                ps_crypto_get_iv
 .text.ps_crypto_encrypt_and_tag
                0x0000000000003914       0x74 secure_fw/partitions/protected_storage/libtfm_app_rot_partition_ps.a(ps_crypto_interface.o)
                0x0000000000003914                ps_crypto_encrypt_and_tag
 .text.ps_crypto_auth_and_decrypt
                0x0000000000003988       0x74 secure_fw/partitions/protected_storage/libtfm_app_rot_partition_ps.a(ps_crypto_interface.o)
                0x0000000000003988                ps_crypto_auth_and_decrypt
 .text.ps_crypto_generate_auth_tag
                0x00000000000039fc       0x60 secure_fw/partitions/protected_storage/libtfm_app_rot_partition_ps.a(ps_crypto_interface.o)
                0x00000000000039fc                ps_crypto_generate_auth_tag
 .text.ps_crypto_authenticate
                0x0000000000003a5c       0x60 secure_fw/partitions/protected_storage/libtfm_app_rot_partition_ps.a(ps_crypto_interface.o)
                0x0000000000003a5c                ps_crypto_authenticate
 .text.tfm_ps_entry
                0x0000000000003abc        0x4 secure_fw/partitions/protected_storage/libtfm_app_rot_partition_ps.a(tfm_ps_req_mngr.o)
                0x0000000000003abc                tfm_ps_entry
 .text.tfm_ps_set
                0x0000000000003ac0       0x2c secure_fw/partitions/protected_storage/libtfm_app_rot_partition_ps.a(tfm_protected_storage.o)
                0x0000000000003ac0                tfm_ps_set
 .text.tfm_ps_get
                0x0000000000003aec       0x28 secure_fw/partitions/protected_storage/libtfm_app_rot_partition_ps.a(tfm_protected_storage.o)
                0x0000000000003aec                tfm_ps_get
 .text.tfm_ps_get_info
                0x0000000000003b14       0x20 secure_fw/partitions/protected_storage/libtfm_app_rot_partition_ps.a(tfm_protected_storage.o)
                0x0000000000003b14                tfm_ps_get_info
 .text.tfm_ps_remove
                0x0000000000003b34       0x26 secure_fw/partitions/protected_storage/libtfm_app_rot_partition_ps.a(tfm_protected_storage.o)
                0x0000000000003b34                tfm_ps_remove
 .text.tfm_ps_get_support
                0x0000000000003b5a        0x4 secure_fw/partitions/protected_storage/libtfm_app_rot_partition_ps.a(tfm_protected_storage.o)
                0x0000000000003b5a                tfm_ps_get_support
 .text.ps_system_wipe_all
                0x0000000000003b5e        0x4 secure_fw/partitions/protected_storage/libtfm_app_rot_partition_ps.a(ps_object_system.o)
                0x0000000000003b5e                ps_system_wipe_all
 .text.ps_object_table_authenticate
                0x0000000000003b62       0x56 secure_fw/partitions/protected_storage/libtfm_app_rot_partition_ps.a(ps_object_table.o)
 .text.fill_key_label
                0x0000000000003bb8       0x2c secure_fw/partitions/protected_storage/libtfm_app_rot_partition_ps.a(ps_crypto_interface.o)
 .text.ps_crypto_to_blocks
                0x0000000000003be4        0x8 secure_fw/partitions/protected_storage/libtfm_app_rot_partition_ps.a(ps_crypto_interface.o)
                0x0000000000003be4                ps_crypto_to_blocks
 .text.ps_encrypted_object_read
                0x0000000000003bec       0x64 secure_fw/partitions/protected_storage/libtfm_app_rot_partition_ps.a(ps_encrypted_object.o)
                0x0000000000003bec                ps_encrypted_object_read
 .text.ps_encrypted_object_write
                0x0000000000003c50       0x64 secure_fw/partitions/protected_storage/libtfm_app_rot_partition_ps.a(ps_encrypted_object.o)
                0x0000000000003c50                ps_encrypted_object_write
 .text.ps_read_nv_counter
                0x0000000000003cb4       0x16 secure_fw/partitions/protected_storage/libtfm_app_rot_partition_ps.a(ps_nv_counters.o)
                0x0000000000003cb4                ps_read_nv_counter
 .text.ps_increment_nv_counter
                0x0000000000003cca       0x12 secure_fw/partitions/protected_storage/libtfm_app_rot_partition_ps.a(ps_nv_counters.o)
                0x0000000000003cca                ps_increment_nv_counter
 *tfm_app_rot_partition*:(SORT_BY_ALIGNMENT(.rodata*))
 *fill*         0x0000000000003cdc        0x4 
 .rodata        0x0000000000003ce0       0x20 secure_fw/partitions/protected_storage/libtfm_app_rot_partition_ps.a(ps_object_table.o)
 .rodata.tfm_ps_init.str1.1
                0x0000000000003d00       0x21 secure_fw/partitions/protected_storage/libtfm_app_rot_partition_ps.a(tfm_protected_storage.o)
 *tfm_*partition_ps.*:(SORT_BY_ALIGNMENT(.text*))
 *tfm_*partition_ps.*:(SORT_BY_ALIGNMENT(.rodata*))
 *(TFM_SP_PS_APP-ROT_ATTR_FN)
 *(TFM_*_APP-ROT_ATTR_FN)
                0x0000000000003d40                . = ALIGN (0x20)
 *fill*         0x0000000000003d21       0x1f 
                0x0000000000002fc0                Image$$TFM_APP_ROT_LINKER$$RO$$Base = ADDR (.TFM_APP_ROT_LINKER)
                0x0000000000003d40                Image$$TFM_APP_ROT_LINKER$$RO$$Limit = (ADDR (.TFM_APP_ROT_LINKER) + SIZEOF (.TFM_APP_ROT_LINKER))
                0x0000000000002fc0                Image$$TFM_APP_ROT_LINKER$$Base = ADDR (.TFM_APP_ROT_LINKER)
                0x0000000000003d40                Image$$TFM_APP_ROT_LINKER$$Limit = (ADDR (.TFM_APP_ROT_LINKER) + SIZEOF (.TFM_APP_ROT_LINKER))
                0x0000000000003d40                Image$$TFM_APP_CODE_END$$Base = .

.ARM.extab
 *(.ARM.extab* .gnu.linkonce.armextab.*)
                0x0000000000003d40                __exidx_start = .

.ARM.exidx      0x0000000000003d40        0x8
 *(.ARM.exidx* .gnu.linkonce.armexidx.*)
 .ARM.exidx     0x0000000000003d40        0x8 c:/ncs/toolchains/66cdf9b75e/opt/zephyr-sdk/arm-zephyr-eabi/bin/../lib/gcc/arm-zephyr-eabi/12.2.0/../../../../arm-zephyr-eabi/lib/thumb/v8-m.main/nofp/crt0.o
                                         0x10 (size before relaxing)
                0x0000000000003d48                __exidx_end = .

.ER_TFM_CODE    0x0000000000003d48     0x4447
                0x0000000000003d48                . = ALIGN (0x4)
                0x0000000000003d48                PROVIDE (__preinit_array_start = .)
 *(.preinit_array)
                0x0000000000003d48                PROVIDE (__preinit_array_end = .)
                0x0000000000003d48                . = ALIGN (0x4)
                0x0000000000003d48                PROVIDE (__init_array_start = .)
 *(SORT_BY_NAME(.init_array.*))
 *(.init_array)
 .init_array    0x0000000000003d48        0x4 c:/ncs/toolchains/66cdf9b75e/opt/zephyr-sdk/arm-zephyr-eabi/bin/../lib/gcc/arm-zephyr-eabi/12.2.0/thumb/v8-m.main/nofp/crtbegin.o
                0x0000000000003d4c                PROVIDE (__init_array_end = .)
                0x0000000000003d4c                . = ALIGN (0x4)
                [!provide]                        PROVIDE (__fini_array_start = .)
 *(SORT_BY_NAME(.fini_array.*))
 *(.fini_array)
 .fini_array    0x0000000000003d4c        0x4 c:/ncs/toolchains/66cdf9b75e/opt/zephyr-sdk/arm-zephyr-eabi/bin/../lib/gcc/arm-zephyr-eabi/12.2.0/thumb/v8-m.main/nofp/crtbegin.o
                [!provide]                        PROVIDE (__fini_array_end = .)
                0x0000000000003d50                . = ALIGN (0x4)
                0x0000000000003d50                __copy_table_start__ = .
                0x0000000000003d50        0x4 LONG 0x14298 LOADADDR (.TFM_DATA)
                0x0000000000003d54        0x4 LONG 0x2000a8a0 ADDR (.TFM_DATA)
                0x0000000000003d58        0x4 LONG 0x4e (SIZEOF (.TFM_DATA) / 0x4)
                0x0000000000003d5c        0x4 LONG 0x14260 LOADADDR (.TFM_PSA_ROT_LINKER_DATA)
                0x0000000000003d60        0x4 LONG 0x20001d60 ADDR (.TFM_PSA_ROT_LINKER_DATA)
                0x0000000000003d64        0x4 LONG 0xe (SIZEOF (.TFM_PSA_ROT_LINKER_DATA) / 0x4)
                0x0000000000003d68        0x4 LONG 0x14260 LOADADDR (.TFM_APP_ROT_LINKER_DATA)
                0x0000000000003d6c        0x4 LONG 0x20000c60 ADDR (.TFM_APP_ROT_LINKER_DATA)
                0x0000000000003d70        0x4 LONG 0x0 (SIZEOF (.TFM_APP_ROT_LINKER_DATA) / 0x4)
                0x0000000000003d74                __copy_table_end__ = .
                0x0000000000003d74                . = ALIGN (0x4)
                0x0000000000003d74                __zero_table_start__ = .
                0x0000000000003d74        0x4 LONG 0x20001d98 ADDR (.TFM_PSA_ROT_LINKER_BSS)
                0x0000000000003d78        0x4 LONG 0x22c2 (SIZEOF (.TFM_PSA_ROT_LINKER_BSS) / 0x4)
                0x0000000000003d7c        0x4 LONG 0x20000c60 ADDR (.TFM_APP_ROT_LINKER_BSS)
                0x0000000000003d80        0x4 LONG 0x440 (SIZEOF (.TFM_APP_ROT_LINKER_BSS) / 0x4)
                0x0000000000003d84        0x4 LONG 0x20000c40 ADDR (.TFM_SP_META_PTR)
                0x0000000000003d88        0x4 LONG 0x8 (SIZEOF (.TFM_SP_META_PTR) / 0x4)
                0x0000000000003d8c                __zero_table_end__ = .
 *startup*(.text*)
 .text.default_irq_handler
                0x0000000000003d8c        0x4 secure_fw/CMakeFiles/tfm_s.dir/__/platform/ext/target/nordic_nrf/common/core/startup.o
                0x0000000000003d8c                default_irq_handler
 .text.Reset_Handler
                0x0000000000003d90       0xa4 secure_fw/CMakeFiles/tfm_s.dir/__/platform/ext/target/nordic_nrf/common/core/startup.o
                0x0000000000003d90                Reset_Handler
 .text.default_tfm_IRQHandler
                0x0000000000003e34       0x1c secure_fw/CMakeFiles/tfm_s.dir/__/platform/ext/target/nordic_nrf/common/core/startup_nrf54l_common.o
                0x0000000000003e34                default_tfm_IRQHandler
 .text.NMI_Handler
                0x0000000000003e50        0x6 secure_fw/CMakeFiles/tfm_s.dir/__/platform/ext/target/nordic_nrf/common/core/startup_nrf54l_common.o
                0x0000000000003e50                NMI_Handler
 .text.DebugMon_Handler
                0x0000000000003e56        0x6 secure_fw/CMakeFiles/tfm_s.dir/__/platform/ext/target/nordic_nrf/common/core/startup_nrf54l_common.o
                0x0000000000003e56                DebugMon_Handler
 .text.SysTick_Handler
                0x0000000000003e5c        0x6 secure_fw/CMakeFiles/tfm_s.dir/__/platform/ext/target/nordic_nrf/common/core/startup_nrf54l_common.o
                0x0000000000003e5c                SysTick_Handler
 .text.SWI00_IRQHandler
                0x0000000000003e62        0x6 secure_fw/CMakeFiles/tfm_s.dir/__/platform/ext/target/nordic_nrf/common/core/startup_nrf54l_common.o
                0x0000000000003e62                SWI00_IRQHandler
 .text.SWI01_IRQHandler
                0x0000000000003e68        0x6 secure_fw/CMakeFiles/tfm_s.dir/__/platform/ext/target/nordic_nrf/common/core/startup_nrf54l_common.o
                0x0000000000003e68                SWI01_IRQHandler
 .text.SWI02_IRQHandler
                0x0000000000003e6e        0x6 secure_fw/CMakeFiles/tfm_s.dir/__/platform/ext/target/nordic_nrf/common/core/startup_nrf54l_common.o
                0x0000000000003e6e                SWI02_IRQHandler
 .text.SWI03_IRQHandler
                0x0000000000003e74        0x6 secure_fw/CMakeFiles/tfm_s.dir/__/platform/ext/target/nordic_nrf/common/core/startup_nrf54l_common.o
                0x0000000000003e74                SWI03_IRQHandler
 .text.AAR00_CCM00_IRQHandler
                0x0000000000003e7a        0x6 secure_fw/CMakeFiles/tfm_s.dir/__/platform/ext/target/nordic_nrf/common/core/startup_nrf54l_common.o
                0x0000000000003e7a                AAR00_CCM00_IRQHandler
 .text.ECB00_IRQHandler
                0x0000000000003e80        0x6 secure_fw/CMakeFiles/tfm_s.dir/__/platform/ext/target/nordic_nrf/common/core/startup_nrf54l_common.o
                0x0000000000003e80                ECB00_IRQHandler
 .text.SERIAL00_IRQHandler
                0x0000000000003e86        0x6 secure_fw/CMakeFiles/tfm_s.dir/__/platform/ext/target/nordic_nrf/common/core/startup_nrf54l_common.o
                0x0000000000003e86                SERIAL00_IRQHandler
 .text.VPR00_IRQHandler
                0x0000000000003e8c        0x6 secure_fw/CMakeFiles/tfm_s.dir/__/platform/ext/target/nordic_nrf/common/core/startup_nrf54l_common.o
                0x0000000000003e8c                VPR00_IRQHandler
 .text.CTRLAP_IRQHandler
                0x0000000000003e92        0x6 secure_fw/CMakeFiles/tfm_s.dir/__/platform/ext/target/nordic_nrf/common/core/startup_nrf54l_common.o
                0x0000000000003e92                CTRLAP_IRQHandler
 .text.CM33SS_IRQHandler
                0x0000000000003e98        0x6 secure_fw/CMakeFiles/tfm_s.dir/__/platform/ext/target/nordic_nrf/common/core/startup_nrf54l_common.o
                0x0000000000003e98                CM33SS_IRQHandler
 .text.TIMER00_IRQHandler
                0x0000000000003e9e        0x6 secure_fw/CMakeFiles/tfm_s.dir/__/platform/ext/target/nordic_nrf/common/core/startup_nrf54l_common.o
                0x0000000000003e9e                TIMER00_IRQHandler
 .text.TIMER10_IRQHandler
                0x0000000000003ea4        0x6 secure_fw/CMakeFiles/tfm_s.dir/__/platform/ext/target/nordic_nrf/common/core/startup_nrf54l_common.o
                0x0000000000003ea4                TIMER10_IRQHandler
 .text.RTC10_IRQHandler
                0x0000000000003eaa        0x6 secure_fw/CMakeFiles/tfm_s.dir/__/platform/ext/target/nordic_nrf/common/core/startup_nrf54l_common.o
                0x0000000000003eaa                RTC10_IRQHandler
 .text.EGU10_IRQHandler
                0x0000000000003eb0        0x6 secure_fw/CMakeFiles/tfm_s.dir/__/platform/ext/target/nordic_nrf/common/core/startup_nrf54l_common.o
                0x0000000000003eb0                EGU10_IRQHandler
 .text.AAR10_CCM10_IRQHandler
                0x0000000000003eb6        0x6 secure_fw/CMakeFiles/tfm_s.dir/__/platform/ext/target/nordic_nrf/common/core/startup_nrf54l_common.o
                0x0000000000003eb6                AAR10_CCM10_IRQHandler
 .text.ECB10_IRQHandler
                0x0000000000003ebc        0x6 secure_fw/CMakeFiles/tfm_s.dir/__/platform/ext/target/nordic_nrf/common/core/startup_nrf54l_common.o
                0x0000000000003ebc                ECB10_IRQHandler
 .text.RADIO_0_IRQHandler
                0x0000000000003ec2        0x6 secure_fw/CMakeFiles/tfm_s.dir/__/platform/ext/target/nordic_nrf/common/core/startup_nrf54l_common.o
                0x0000000000003ec2                RADIO_0_IRQHandler
 .text.RADIO_1_IRQHandler
                0x0000000000003ec8        0x6 secure_fw/CMakeFiles/tfm_s.dir/__/platform/ext/target/nordic_nrf/common/core/startup_nrf54l_common.o
                0x0000000000003ec8                RADIO_1_IRQHandler
 .text.SERIAL20_IRQHandler
                0x0000000000003ece        0x6 secure_fw/CMakeFiles/tfm_s.dir/__/platform/ext/target/nordic_nrf/common/core/startup_nrf54l_common.o
                0x0000000000003ece                SERIAL20_IRQHandler
 .text.SERIAL21_IRQHandler
                0x0000000000003ed4        0x6 secure_fw/CMakeFiles/tfm_s.dir/__/platform/ext/target/nordic_nrf/common/core/startup_nrf54l_common.o
                0x0000000000003ed4                SERIAL21_IRQHandler
 .text.SERIAL22_IRQHandler
                0x0000000000003eda        0x6 secure_fw/CMakeFiles/tfm_s.dir/__/platform/ext/target/nordic_nrf/common/core/startup_nrf54l_common.o
                0x0000000000003eda                SERIAL22_IRQHandler
 .text.EGU20_IRQHandler
                0x0000000000003ee0        0x6 secure_fw/CMakeFiles/tfm_s.dir/__/platform/ext/target/nordic_nrf/common/core/startup_nrf54l_common.o
                0x0000000000003ee0                EGU20_IRQHandler
 .text.TIMER20_IRQHandler
                0x0000000000003ee6        0x6 secure_fw/CMakeFiles/tfm_s.dir/__/platform/ext/target/nordic_nrf/common/core/startup_nrf54l_common.o
                0x0000000000003ee6                TIMER20_IRQHandler
 .text.TIMER21_IRQHandler
                0x0000000000003eec        0x6 secure_fw/CMakeFiles/tfm_s.dir/__/platform/ext/target/nordic_nrf/common/core/startup_nrf54l_common.o
                0x0000000000003eec                TIMER21_IRQHandler
 .text.TIMER22_IRQHandler
                0x0000000000003ef2        0x6 secure_fw/CMakeFiles/tfm_s.dir/__/platform/ext/target/nordic_nrf/common/core/startup_nrf54l_common.o
                0x0000000000003ef2                TIMER22_IRQHandler
 .text.TIMER23_IRQHandler
                0x0000000000003ef8        0x6 secure_fw/CMakeFiles/tfm_s.dir/__/platform/ext/target/nordic_nrf/common/core/startup_nrf54l_common.o
                0x0000000000003ef8                TIMER23_IRQHandler
 .text.TIMER24_IRQHandler
                0x0000000000003efe        0x6 secure_fw/CMakeFiles/tfm_s.dir/__/platform/ext/target/nordic_nrf/common/core/startup_nrf54l_common.o
                0x0000000000003efe                TIMER24_IRQHandler
 .text.PWM20_IRQHandler
                0x0000000000003f04        0x6 secure_fw/CMakeFiles/tfm_s.dir/__/platform/ext/target/nordic_nrf/common/core/startup_nrf54l_common.o
                0x0000000000003f04                PWM20_IRQHandler
 .text.PWM21_IRQHandler
                0x0000000000003f0a        0x6 secure_fw/CMakeFiles/tfm_s.dir/__/platform/ext/target/nordic_nrf/common/core/startup_nrf54l_common.o
                0x0000000000003f0a                PWM21_IRQHandler
 .text.PWM22_IRQHandler
                0x0000000000003f10        0x6 secure_fw/CMakeFiles/tfm_s.dir/__/platform/ext/target/nordic_nrf/common/core/startup_nrf54l_common.o
                0x0000000000003f10                PWM22_IRQHandler
 .text.SAADC_IRQHandler
                0x0000000000003f16        0x6 secure_fw/CMakeFiles/tfm_s.dir/__/platform/ext/target/nordic_nrf/common/core/startup_nrf54l_common.o
                0x0000000000003f16                SAADC_IRQHandler
 .text.NFCT_IRQHandler
                0x0000000000003f1c        0x6 secure_fw/CMakeFiles/tfm_s.dir/__/platform/ext/target/nordic_nrf/common/core/startup_nrf54l_common.o
                0x0000000000003f1c                NFCT_IRQHandler
 .text.TEMP_IRQHandler
                0x0000000000003f22        0x6 secure_fw/CMakeFiles/tfm_s.dir/__/platform/ext/target/nordic_nrf/common/core/startup_nrf54l_common.o
                0x0000000000003f22                TEMP_IRQHandler
 .text.GPIOTE20_1_IRQHandler
                0x0000000000003f28        0x6 secure_fw/CMakeFiles/tfm_s.dir/__/platform/ext/target/nordic_nrf/common/core/startup_nrf54l_common.o
                0x0000000000003f28                GPIOTE20_1_IRQHandler
 .text.TAMPC_IRQHandler
                0x0000000000003f2e        0x6 secure_fw/CMakeFiles/tfm_s.dir/__/platform/ext/target/nordic_nrf/common/core/startup_nrf54l_common.o
                0x0000000000003f2e                TAMPC_IRQHandler
 .text.I2S20_IRQHandler
                0x0000000000003f34        0x6 secure_fw/CMakeFiles/tfm_s.dir/__/platform/ext/target/nordic_nrf/common/core/startup_nrf54l_common.o
                0x0000000000003f34                I2S20_IRQHandler
 .text.QDEC20_IRQHandler
                0x0000000000003f3a        0x6 secure_fw/CMakeFiles/tfm_s.dir/__/platform/ext/target/nordic_nrf/common/core/startup_nrf54l_common.o
                0x0000000000003f3a                QDEC20_IRQHandler
 .text.QDEC21_IRQHandler
                0x0000000000003f40        0x6 secure_fw/CMakeFiles/tfm_s.dir/__/platform/ext/target/nordic_nrf/common/core/startup_nrf54l_common.o
                0x0000000000003f40                QDEC21_IRQHandler
 .text.GRTC_0_IRQHandler
                0x0000000000003f46        0x6 secure_fw/CMakeFiles/tfm_s.dir/__/platform/ext/target/nordic_nrf/common/core/startup_nrf54l_common.o
                0x0000000000003f46                GRTC_0_IRQHandler
 .text.GRTC_1_IRQHandler
                0x0000000000003f4c        0x6 secure_fw/CMakeFiles/tfm_s.dir/__/platform/ext/target/nordic_nrf/common/core/startup_nrf54l_common.o
                0x0000000000003f4c                GRTC_1_IRQHandler
 .text.GRTC_2_IRQHandler
                0x0000000000003f52        0x6 secure_fw/CMakeFiles/tfm_s.dir/__/platform/ext/target/nordic_nrf/common/core/startup_nrf54l_common.o
                0x0000000000003f52                GRTC_2_IRQHandler
 .text.GRTC_3_IRQHandler
                0x0000000000003f58        0x6 secure_fw/CMakeFiles/tfm_s.dir/__/platform/ext/target/nordic_nrf/common/core/startup_nrf54l_common.o
                0x0000000000003f58                GRTC_3_IRQHandler
 .text.SERIAL30_IRQHandler
                0x0000000000003f5e        0x6 secure_fw/CMakeFiles/tfm_s.dir/__/platform/ext/target/nordic_nrf/common/core/startup_nrf54l_common.o
                0x0000000000003f5e                SERIAL30_IRQHandler
 .text.CLOCK_POWER_IRQHandler
                0x0000000000003f64        0x6 secure_fw/CMakeFiles/tfm_s.dir/__/platform/ext/target/nordic_nrf/common/core/startup_nrf54l_common.o
                0x0000000000003f64                CLOCK_POWER_IRQHandler
 .text.COMP_LPCOMP_IRQHandler
                0x0000000000003f6a        0x6 secure_fw/CMakeFiles/tfm_s.dir/__/platform/ext/target/nordic_nrf/common/core/startup_nrf54l_common.o
                0x0000000000003f6a                COMP_LPCOMP_IRQHandler
 .text.WDT30_IRQHandler
                0x0000000000003f70        0x6 secure_fw/CMakeFiles/tfm_s.dir/__/platform/ext/target/nordic_nrf/common/core/startup_nrf54l_common.o
                0x0000000000003f70                WDT30_IRQHandler
 .text.WDT31_IRQHandler
                0x0000000000003f76        0x6 secure_fw/CMakeFiles/tfm_s.dir/__/platform/ext/target/nordic_nrf/common/core/startup_nrf54l_common.o
                0x0000000000003f76                WDT31_IRQHandler
 .text.GPIOTE30_1_IRQHandler
                0x0000000000003f7c        0x6 secure_fw/CMakeFiles/tfm_s.dir/__/platform/ext/target/nordic_nrf/common/core/startup_nrf54l_common.o
                0x0000000000003f7c                GPIOTE30_1_IRQHandler
 *libplatform_s*:(SORT_BY_ALIGNMENT(.text*))
 *fill*         0x0000000000003f82        0x2 
 .text.nrf54l_errata_31
                0x0000000000003f84       0x20 platform/libplatform_s.a(system_nrf54l.o)
 .text.nrf54l_handle_approtect_signal
                0x0000000000003fa4       0x34 platform/libplatform_s.a(system_nrf54l.o)
 .text.SystemInit
                0x0000000000003fd8      0x124 platform/libplatform_s.a(system_nrf54l.o)
                0x0000000000003fd8                SystemInit
 .text.tfm_exception_info_get_context
                0x00000000000040fc        0xc platform/libplatform_s.a(exception_info.o)
                0x00000000000040fc                tfm_exception_info_get_context
 .text.store_and_dump_context
                0x0000000000004108      0x11c platform/libplatform_s.a(exception_info.o)
                0x0000000000004108                store_and_dump_context
 .text.stdio_output_string
                0x0000000000004224       0x28 platform/libplatform_s.a(uart_stdout.o)
                0x0000000000004224                stdio_output_string
 .text.stdio_init
                0x000000000000424c       0x38 platform/libplatform_s.a(uart_stdout.o)
                0x000000000000424c                stdio_init
 .text.ARM_USART_GetVersion
                0x0000000000004284       0x20 platform/libplatform_s.a(Driver_USART.o)
 .text.ARM_USART30_GetTxCount
                0x00000000000042a4        0xc platform/libplatform_s.a(Driver_USART.o)
 .text.ARM_USART30_GetRxCount
                0x00000000000042b0        0xc platform/libplatform_s.a(Driver_USART.o)
 .text.ARM_USART30_Uninitialize
                0x00000000000042bc       0x10 platform/libplatform_s.a(Driver_USART.o)
 .text.ARM_USART30_Control
                0x00000000000042cc      0x1f4 platform/libplatform_s.a(Driver_USART.o)
 .text.ARM_USART30_Receive
                0x00000000000044c0       0x78 platform/libplatform_s.a(Driver_USART.o)
 .text.ARM_USARTx_Send.constprop.0
                0x0000000000004538       0x74 platform/libplatform_s.a(Driver_USART.o)
 .text.ARM_USART30_Initialize
                0x00000000000045ac       0x30 platform/libplatform_s.a(Driver_USART.o)
 .text.on_rx_disabled
                0x00000000000045dc       0x64 platform/libplatform_s.a(nrfx_uarte.o)
 .text.nrfx_coredep_delay_us.part.0
                0x0000000000004640       0x20 platform/libplatform_s.a(nrfx_uarte.o)
 .text.nrf_gpio_cfg_input.constprop.0
                0x0000000000004660       0x38 platform/libplatform_s.a(nrfx_uarte.o)
 .text.nrf_gpio_pin_set
                0x0000000000004698       0x24 platform/libplatform_s.a(nrfx_uarte.o)
 .text.nrf_gpio_cfg_output
                0x00000000000046bc       0x3c platform/libplatform_s.a(nrfx_uarte.o)
 .text.uarte_configure
                0x00000000000046f8      0x138 platform/libplatform_s.a(nrfx_uarte.o)
 .text.nrf_gpio_cfg_default
                0x0000000000004830       0x3c platform/libplatform_s.a(nrfx_uarte.o)
 .text.rx_abort
                0x000000000000486c      0x118 platform/libplatform_s.a(nrfx_uarte.o)
 .text.nrfx_uarte_init
                0x0000000000004984      0x10c platform/libplatform_s.a(nrfx_uarte.o)
                0x0000000000004984                nrfx_uarte_init
 .text.nrfx_uarte_uninit
                0x0000000000004a90       0xbc platform/libplatform_s.a(nrfx_uarte.o)
                0x0000000000004a90                nrfx_uarte_uninit
 .text.nrfx_uarte_rx_enable
                0x0000000000004b4c      0x104 platform/libplatform_s.a(nrfx_uarte.o)
                0x0000000000004b4c                nrfx_uarte_rx_enable
 .text.nrfx_critical_section_enter
                0x0000000000004c50       0x10 platform/libplatform_s.a(nrfx_glue.o)
                0x0000000000004c50                nrfx_critical_section_enter
 .text.nrfx_critical_section_exit
                0x0000000000004c60       0x14 platform/libplatform_s.a(nrfx_glue.o)
                0x0000000000004c60                nrfx_critical_section_exit
 .text.ARM_Flash_GetInfo
                0x0000000000004c74        0x8 platform/libplatform_s.a(Driver_Flash.o)
 .text.ARM_Flash_Initialize
                0x0000000000004c7c       0x34 platform/libplatform_s.a(Driver_Flash.o)
 .text.ARM_Flash_ProgramData
                0x0000000000004cb0       0x48 platform/libplatform_s.a(Driver_Flash.o)
 .text.ARM_Flash_ReadData
                0x0000000000004cf8       0x30 platform/libplatform_s.a(Driver_Flash.o)
 .text.rramc_configure
                0x0000000000004d28       0x80 platform/libplatform_s.a(nrfx_rramc.o)
 .text.__nrfy_internal_rramc_config_set.constprop.0.isra.0
                0x0000000000004da8       0x18 platform/libplatform_s.a(nrfx_rramc.o)
 .text.nrfx_rramc_words_write
                0x0000000000004dc0       0x50 platform/libplatform_s.a(nrfx_rramc.o)
                0x0000000000004dc0                nrfx_rramc_words_write
 .text.nrfx_rramc_init
                0x0000000000004e10       0x20 platform/libplatform_s.a(nrfx_rramc.o)
                0x0000000000004e10                nrfx_rramc_init
 .text.RRAMC_IRQHandler
                0x0000000000004e30       0x9c platform/libplatform_s.a(nrfx_rramc.o)
                0x0000000000004e30                RRAMC_IRQHandler
 .text.mpu_armv8m_enable
                0x0000000000004ecc       0x34 platform/libplatform_s.a(mpu_armv8m_drv.o)
                0x0000000000004ecc                mpu_armv8m_enable
 .text.spu_enable_interrupts
                0x0000000000004f00       0x28 platform/libplatform_s.a(spu.o)
                0x0000000000004f00                spu_enable_interrupts
 .text.spu_events_get
                0x0000000000004f28       0x44 platform/libplatform_s.a(spu.o)
                0x0000000000004f28                spu_events_get
 .text.mpc_enable_interrupts
                0x0000000000004f6c       0x10 platform/libplatform_s.a(spu.o)
                0x0000000000004f6c                mpc_enable_interrupts
 .text.mpc_events_get
                0x0000000000004f7c       0x14 platform/libplatform_s.a(spu.o)
                0x0000000000004f7c                mpc_events_get
 .text.mpc_clear_events
                0x0000000000004f90       0x14 platform/libplatform_s.a(spu.o)
                0x0000000000004f90                mpc_clear_events
 .text.spu_clear_events
                0x0000000000004fa4       0x3c platform/libplatform_s.a(spu.o)
                0x0000000000004fa4                spu_clear_events
 .text.spu_get_peri_addr
                0x0000000000004fe0       0x2c platform/libplatform_s.a(spu.o)
                0x0000000000004fe0                spu_get_peri_addr
 .text.nrf_exception_info_store_context
                0x000000000000500c       0x48 platform/libplatform_s.a(nrf_exception_info.o)
                0x000000000000500c                nrf_exception_info_store_context
 .text.nrf_exception_info_get_context
                0x0000000000005054        0xc platform/libplatform_s.a(nrf_exception_info.o)
                0x0000000000005054                nrf_exception_info_get_context
 .text.tfm_hal_its_aead_generate_nonce
                0x0000000000005060       0x58 platform/libplatform_s.a(tfm_hal_its_encryption_cracen.o)
                0x0000000000005060                tfm_hal_its_aead_generate_nonce
 .text.tfm_hal_its_get_aead
                0x00000000000050b8      0x130 platform/libplatform_s.a(tfm_hal_its_encryption_cracen.o)
                0x00000000000050b8                tfm_hal_its_get_aead
 .text.tfm_hal_platform_init
                0x00000000000051e8       0x90 platform/libplatform_s.a(tfm_hal_platform.o)
                0x00000000000051e8                tfm_hal_platform_init
 .text.ns_fault_service_set_handler
                0x0000000000005278       0x14 platform/libplatform_s.a(ns_fault_service.o)
                0x0000000000005278                ns_fault_service_set_handler
 .text.call_ns_callback
                0x000000000000528c       0xa8 platform/libplatform_s.a(ns_fault_service.o)
                0x000000000000528c                call_ns_callback
 .text.ns_fault_service_call_handler
                0x0000000000005334       0x34 platform/libplatform_s.a(ns_fault_service.o)
                0x0000000000005334                ns_fault_service_call_handler
 .text.tfm_platform_hal_system_reset
                0x0000000000005368       0x24 platform/libplatform_s.a(tfm_platform_system.o)
                0x0000000000005368                tfm_platform_hal_system_reset
 .text.nordicsemi_nrf54l_init
                0x000000000000538c       0xa0 platform/libplatform_s.a(soc.o)
                0x000000000000538c                nordicsemi_nrf54l_init
 .text.erase_flash_region
                0x000000000000542c       0x3c platform/libplatform_s.a(flash_otp_nv_counters_backend.o)
 .text.copy_flash_region
                0x0000000000005468       0x78 platform/libplatform_s.a(flash_otp_nv_counters_backend.o)
 .text.read_otp_nv_counters_flash
                0x00000000000054e0       0x7c platform/libplatform_s.a(flash_otp_nv_counters_backend.o)
                0x00000000000054e0                read_otp_nv_counters_flash
 .text.write_otp_nv_counters_flash
                0x000000000000555c      0x1ac platform/libplatform_s.a(flash_otp_nv_counters_backend.o)
                0x000000000000555c                write_otp_nv_counters_flash
 .text.init_otp_nv_counters_flash
                0x0000000000005708      0x158 platform/libplatform_s.a(flash_otp_nv_counters_backend.o)
                0x0000000000005708                init_otp_nv_counters_flash
 .text.tfm_plat_otp_get_size
                0x0000000000005860       0x34 platform/libplatform_s.a(otp_flash.o)
                0x0000000000005860                tfm_plat_otp_get_size
 .text.tfm_platform_hal_read_service
                0x0000000000005894       0x5c platform/libplatform_s.a(tfm_platform_hal_ioctl.o)
                0x0000000000005894                tfm_platform_hal_read_service
 .text.tfm_platform_hal_write32_service
                0x00000000000058f0       0x54 platform/libplatform_s.a(tfm_platform_hal_ioctl.o)
                0x00000000000058f0                tfm_platform_hal_write32_service
 .text.tfm_hal_output_spm_log
                0x0000000000005944        0x4 platform/libplatform_s.a(tfm_hal_spm_logdev_peripheral.o)
                0x0000000000005944                tfm_hal_output_spm_log
 .text.ARM_USART_GetCapabilities
                0x0000000000005948        0x4 platform/libplatform_s.a(Driver_USART.o)
 .text.ARM_USART_Transfer
                0x000000000000594c        0x6 platform/libplatform_s.a(Driver_USART.o)
 .text.ARM_USART_GetStatus
                0x0000000000005952        0x4 platform/libplatform_s.a(Driver_USART.o)
 .text.ARM_USART_SetModemControl
                0x0000000000005956        0x6 platform/libplatform_s.a(Driver_USART.o)
 .text.ARM_USART_GetModemStatus
                0x000000000000595c        0x4 platform/libplatform_s.a(Driver_USART.o)
 .text.ARM_USART30_PowerControl
                0x0000000000005960        0xc platform/libplatform_s.a(Driver_USART.o)
 .text.ARM_USART30_Send
                0x000000000000596c        0x4 platform/libplatform_s.a(Driver_USART.o)
 .text.uart_config_set_uart_pins
                0x0000000000005970       0x3e platform/libplatform_s.a(Driver_USART.o)
                0x0000000000005970                uart_config_set_uart_pins
 .text.is_tx_ready
                0x00000000000059ae       0x1a platform/libplatform_s.a(nrfx_uarte.o)
 .text.user_handler
                0x00000000000059c8       0x22 platform/libplatform_s.a(nrfx_uarte.o)
 .text.user_handler_on_rx_done
                0x00000000000059ea       0x28 platform/libplatform_s.a(nrfx_uarte.o)
 .text.disable_hw_from_rx
                0x0000000000005a12       0x24 platform/libplatform_s.a(nrfx_uarte.o)
 .text.disable_hw_from_tx
                0x0000000000005a36       0x16 platform/libplatform_s.a(nrfx_uarte.o)
 .text.blocking_tx
                0x0000000000005a4c      0x160 platform/libplatform_s.a(nrfx_uarte.o)
 .text.tx_prepare_start.isra.0
                0x0000000000005bac       0x7e platform/libplatform_s.a(nrfx_uarte.o)
 .text.nrfx_uarte_reconfigure
                0x0000000000005c2a       0x78 platform/libplatform_s.a(nrfx_uarte.o)
                0x0000000000005c2a                nrfx_uarte_reconfigure
 .text.nrfx_uarte_init_check
                0x0000000000005ca2        0xc platform/libplatform_s.a(nrfx_uarte.o)
                0x0000000000005ca2                nrfx_uarte_init_check
 .text.nrfx_uarte_tx
                0x0000000000005cae      0x126 platform/libplatform_s.a(nrfx_uarte.o)
                0x0000000000005cae                nrfx_uarte_tx
 .text.nrfx_uarte_tx_abort
                0x0000000000005dd4       0x8a platform/libplatform_s.a(nrfx_uarte.o)
                0x0000000000005dd4                nrfx_uarte_tx_abort
 .text.nrfx_uarte_rx_buffer_set
                0x0000000000005e5e      0x154 platform/libplatform_s.a(nrfx_uarte.o)
                0x0000000000005e5e                nrfx_uarte_rx_buffer_set
 .text.nrfx_uarte_rx_abort
                0x0000000000005fb2        0x4 platform/libplatform_s.a(nrfx_uarte.o)
                0x0000000000005fb2                nrfx_uarte_rx_abort
 .text.nrfx_uarte_rx_ready
                0x0000000000005fb6       0x3a platform/libplatform_s.a(nrfx_uarte.o)
                0x0000000000005fb6                nrfx_uarte_rx_ready
 .text.ARM_Flash_GetCapabilities
                0x0000000000005ff0        0x4 platform/libplatform_s.a(Driver_Flash.o)
 .text.ARM_Flash_Unitialize
                0x0000000000005ff4        0x4 platform/libplatform_s.a(Driver_Flash.o)
 .text.ARM_Flash_EraseSector
                0x0000000000005ff8        0x4 platform/libplatform_s.a(Driver_Flash.o)
 .text.mpu_armv8m_region_enable
                0x0000000000005ffc       0x6a platform/libplatform_s.a(mpu_armv8m_drv.o)
                0x0000000000005ffc                mpu_armv8m_region_enable
 .text.mpu_armv8m_region_disable
                0x0000000000006066       0x14 platform/libplatform_s.a(mpu_armv8m_drv.o)
                0x0000000000006066                mpu_armv8m_region_disable
 .text.mpu_armv8m_clean
                0x000000000000607a       0x22 platform/libplatform_s.a(mpu_armv8m_drv.o)
                0x000000000000607a                mpu_armv8m_clean
 .text.spu_peripheral_config_secure
                0x000000000000609c       0x3a platform/libplatform_s.a(spu.o)
                0x000000000000609c                spu_peripheral_config_secure
 .text.tfm_hal_its_aead_encrypt
                0x00000000000060d6       0x24 platform/libplatform_s.a(tfm_hal_its_encryption_cracen.o)
                0x00000000000060d6                tfm_hal_its_aead_encrypt
 .text.tfm_hal_its_aead_decrypt
                0x00000000000060fa       0x24 platform/libplatform_s.a(tfm_hal_its_encryption_cracen.o)
                0x00000000000060fa                tfm_hal_its_aead_decrypt
 .text.tfm_hal_system_halt
                0x000000000000611e        0xc platform/libplatform_s.a(tfm_hal_reset_halt.o)
                0x000000000000611e                tfm_hal_system_halt
 .text.tfm_plat_provisioning_is_required
                0x000000000000612a       0x10 platform/libplatform_s.a(dummy_provisioning.o)
                0x000000000000612a                tfm_plat_provisioning_is_required
 .text.tfm_plat_provisioning_perform
                0x000000000000613a        0x4 platform/libplatform_s.a(dummy_provisioning.o)
                0x000000000000613a                tfm_plat_provisioning_perform
 .text.tfm_plat_provisioning_check_for_dummy_keys
                0x000000000000613e        0x2 platform/libplatform_s.a(dummy_provisioning.o)
                0x000000000000613e                tfm_plat_provisioning_check_for_dummy_keys
 .text.tfm_platform_hal_ioctl
                0x0000000000006140       0x7c platform/libplatform_s.a(tfm_platform_system.o)
                0x0000000000006140                tfm_platform_hal_ioctl
 .text.tfm_hal_ps_fs_info
                0x00000000000061bc       0x1c platform/libplatform_s.a(tfm_hal_ps.o)
                0x00000000000061bc                tfm_hal_ps_fs_info
 .text.tfm_hal_its_fs_info
                0x00000000000061d8       0x1c platform/libplatform_s.a(tfm_hal_its.o)
                0x00000000000061d8                tfm_hal_its_fs_info
 .text.set_nv_counter_flash
                0x00000000000061f4       0x3e platform/libplatform_s.a(nv_counters.o)
 .text.tfm_plat_init_nv_counter
                0x0000000000006232        0x4 platform/libplatform_s.a(nv_counters.o)
                0x0000000000006232                tfm_plat_init_nv_counter
 .text.tfm_plat_read_nv_counter
                0x0000000000006236       0x38 platform/libplatform_s.a(nv_counters.o)
                0x0000000000006236                tfm_plat_read_nv_counter
 .text.tfm_plat_set_nv_counter
                0x000000000000626e       0x38 platform/libplatform_s.a(nv_counters.o)
                0x000000000000626e                tfm_plat_set_nv_counter
 .text.tfm_plat_increment_nv_counter
                0x00000000000062a6       0x26 platform/libplatform_s.a(nv_counters.o)
                0x00000000000062a6                tfm_plat_increment_nv_counter
 .text.tfm_plat_nv_counter_permissions_check
                0x00000000000062cc       0x2a platform/libplatform_s.a(nv_counters.o)
                0x00000000000062cc                tfm_plat_nv_counter_permissions_check
 .text.tfm_plat_ns_counter_idx_to_nv_counter
                0x00000000000062f6       0x14 platform/libplatform_s.a(nv_counters.o)
                0x00000000000062f6                tfm_plat_ns_counter_idx_to_nv_counter
 .text.make_backup
                0x000000000000630a       0x26 platform/libplatform_s.a(flash_otp_nv_counters_backend.o)
 .text.tfm_plat_otp_init
                0x0000000000006330        0x4 platform/libplatform_s.a(otp_flash.o)
                0x0000000000006330                tfm_plat_otp_init
 .text.write_to_output
                0x0000000000006334       0x2c platform/libplatform_s.a(otp_flash.o)
 .text.tfm_plat_otp_read
                0x0000000000006360       0x9e platform/libplatform_s.a(otp_flash.o)
                0x0000000000006360                tfm_plat_otp_read
 *libtfm_spm*:(SORT_BY_ALIGNMENT(.text*))
 *fill*         0x00000000000063fe        0x2 
 .text.spm_log_msgval
                0x0000000000006400       0x58 secure_fw/spm/libtfm_spm.a(spm_log.o)
                0x0000000000006400                spm_log_msgval
 .text.startup.main
                0x0000000000006458       0x7c secure_fw/spm/libtfm_spm.a(main.o)
                0x0000000000006458                main
 .text.SVC_Handler
                0x00000000000064d4       0x68 secure_fw/spm/libtfm_spm.a(tfm_arch_v8m_main.o)
                0x00000000000064d4                SVC_Handler
 .text.tfm_arch_set_secure_exception_priorities
                0x000000000000653c       0x28 secure_fw/spm/libtfm_spm.a(tfm_arch_v8m_main.o)
                0x000000000000653c                tfm_arch_set_secure_exception_priorities
 .text.ns_agent_tz_main
                0x0000000000006564       0x30 secure_fw/spm/libtfm_spm.a(ns_agent_tz_v80m.o)
                0x0000000000006564                ns_agent_tz_main
 .text.tfm_hal_bind_boundary
                0x0000000000006594       0x6c secure_fw/spm/libtfm_spm.a(tfm_hal_isolation.o)
                0x0000000000006594                tfm_hal_bind_boundary
 .text.mpu_init_cfg
                0x0000000000006600      0x11c secure_fw/spm/libtfm_spm.a(tfm_hal_isolation.o)
                0x0000000000006600                mpu_init_cfg
 .text.SPU_Handler
                0x000000000000671c       0x44 secure_fw/spm/libtfm_spm.a(faults.o)
                0x000000000000671c                SPU_Handler
 .text.MPC_Handler
                0x0000000000006760       0x30 secure_fw/spm/libtfm_spm.a(faults.o)
                0x0000000000006760                MPC_Handler
 .text.MPC00_IRQHandler
                0x0000000000006790       0x30 secure_fw/spm/libtfm_spm.a(faults.o)
                0x0000000000006790                MPC00_IRQHandler
 .text.enable_fault_handlers
                0x00000000000067c0       0x14 secure_fw/spm/libtfm_spm.a(target_cfg.o)
                0x00000000000067c0                enable_fault_handlers
 .text.system_reset_cfg
                0x00000000000067d4       0x18 secure_fw/spm/libtfm_spm.a(target_cfg.o)
                0x00000000000067d4                system_reset_cfg
 .text.init_mpc_region_override
                0x00000000000067ec       0x20 secure_fw/spm/libtfm_spm.a(target_cfg_54l.o)
 .text.nrf_gpio_pin_control_select.constprop.0
                0x000000000000680c       0x1c secure_fw/spm/libtfm_spm.a(target_cfg_54l.o)
 .text.sau_and_idau_cfg
                0x0000000000006828       0x6c secure_fw/spm/libtfm_spm.a(target_cfg_54l.o)
                0x0000000000006828                sau_and_idau_cfg
 .text.nrf_mpc_init_cfg
                0x0000000000006894       0x64 secure_fw/spm/libtfm_spm.a(target_cfg_54l.o)
                0x0000000000006894                nrf_mpc_init_cfg
 .text.peripheral_configuration
                0x00000000000068f8       0x68 secure_fw/spm/libtfm_spm.a(target_cfg_54l.o)
                0x00000000000068f8                peripheral_configuration
 .text.spu_periph_init_cfg
                0x0000000000006960      0x100 secure_fw/spm/libtfm_spm.a(target_cfg_54l.o)
                0x0000000000006960                spu_periph_init_cfg
 .text.nvic_interrupt_target_state_cfg
                0x0000000000006a60       0x50 secure_fw/spm/libtfm_spm.a(target_cfg_54l.o)
                0x0000000000006a60                nvic_interrupt_target_state_cfg
 .text.nvic_interrupt_enable
                0x0000000000006ab0       0x50 secure_fw/spm/libtfm_spm.a(target_cfg_54l.o)
                0x0000000000006ab0                nvic_interrupt_enable
 .text.tfm_core_validate_boot_data
                0x0000000000006b00        0xc secure_fw/spm/libtfm_spm.a(tfm_boot_data.o)
                0x0000000000006b00                tfm_core_validate_boot_data
 .text.tfm_core_get_boot_data_handler
                0x0000000000006b0c       0x38 secure_fw/spm/libtfm_spm.a(tfm_boot_data.o)
                0x0000000000006b0c                tfm_core_get_boot_data_handler
 .text.tfm_spm_get_service_by_sid
                0x0000000000006b44       0x2c secure_fw/spm/libtfm_spm.a(spm_ipc.o)
                0x0000000000006b44                tfm_spm_get_service_by_sid
 .text.tfm_spm_check_authorization
                0x0000000000006b70       0x48 secure_fw/spm/libtfm_spm.a(spm_ipc.o)
                0x0000000000006b70                tfm_spm_check_authorization
 .text.spm_init_idle_connection
                0x0000000000006bb8       0x34 secure_fw/spm/libtfm_spm.a(spm_ipc.o)
                0x0000000000006bb8                spm_init_idle_connection
 .text.tfm_spm_partition_get_running_partition_id
                0x0000000000006bec       0x1c secure_fw/spm/libtfm_spm.a(spm_ipc.o)
                0x0000000000006bec                tfm_spm_partition_get_running_partition_id
 .text.tfm_spm_is_ns_caller
                0x0000000000006c08       0x28 secure_fw/spm/libtfm_spm.a(spm_ipc.o)
                0x0000000000006c08                tfm_spm_is_ns_caller
 .text.spm_get_idle_connection
                0x0000000000006c30       0x70 secure_fw/spm/libtfm_spm.a(spm_ipc.o)
                0x0000000000006c30                spm_get_idle_connection
 .text.tfm_spm_init
                0x0000000000006ca0       0x64 secure_fw/spm/libtfm_spm.a(spm_ipc.o)
                0x0000000000006ca0                tfm_spm_init
 .text.load_a_partition_assuredly
                0x0000000000006d04      0x120 secure_fw/spm/libtfm_spm.a(rom_loader.o)
                0x0000000000006d04                load_a_partition_assuredly
 .text.load_services_assuredly
                0x0000000000006e24       0xc4 secure_fw/spm/libtfm_spm.a(rom_loader.o)
                0x0000000000006e24                load_services_assuredly
 .text.partition_init
                0x0000000000006ee8       0x20 secure_fw/spm/libtfm_spm.a(backend_ipc.o)
 .text.ns_agent_tz_init
                0x0000000000006f08       0x2c secure_fw/spm/libtfm_spm.a(backend_ipc.o)
 .text.backend_init_comp_assuredly
                0x0000000000006f34       0xb4 secure_fw/spm/libtfm_spm.a(backend_ipc.o)
                0x0000000000006f34                backend_init_comp_assuredly
 .text.backend_system_run
                0x0000000000006fe8       0x30 secure_fw/spm/libtfm_spm.a(backend_ipc.o)
                0x0000000000006fe8                backend_system_run
 .text.backend_abi_entering_spm
                0x0000000000007018       0x44 secure_fw/spm/libtfm_spm.a(backend_ipc.o)
                0x0000000000007018                backend_abi_entering_spm
 .text.ipc_schedule
                0x000000000000705c       0xc8 secure_fw/spm/libtfm_spm.a(backend_ipc.o)
                0x000000000000705c                ipc_schedule
 .text.spm_svc_handler
                0x0000000000007124       0xb8 secure_fw/spm/libtfm_spm.a(tfm_svcalls.o)
                0x0000000000007124                spm_svc_handler
 .text.thrd_set_query_callback
                0x00000000000071dc        0xc secure_fw/spm/libtfm_spm.a(thread.o)
                0x00000000000071dc                thrd_set_query_callback
 .text.thrd_next
                0x00000000000071e8       0x4c secure_fw/spm/libtfm_spm.a(thread.o)
                0x00000000000071e8                thrd_next
 .text.thrd_set_state
                0x0000000000007234       0x28 secure_fw/spm/libtfm_spm.a(thread.o)
                0x0000000000007234                thrd_set_state
 .text.thrd_start
                0x000000000000725c       0x44 secure_fw/spm/libtfm_spm.a(thread.o)
                0x000000000000725c                thrd_start
 .text.tz_ns_agent_register_client_id_range
                0x00000000000072a0        0xc secure_fw/spm/libtfm_spm.a(tfm_spm_ns_ctx.o)
                0x00000000000072a0                tz_ns_agent_register_client_id_range
 .text.tfm_nspm_get_current_client_id
                0x00000000000072ac       0x14 secure_fw/spm/libtfm_spm.a(tfm_spm_ns_ctx.o)
                0x00000000000072ac                tfm_nspm_get_current_client_id
 .text.tfm_nspm_ctx_init
                0x00000000000072c0       0x18 secure_fw/spm/libtfm_spm.a(tfm_spm_ns_ctx.o)
                0x00000000000072c0                tfm_nspm_ctx_init
 .text.connection_to_handle
                0x00000000000072d8       0x20 secure_fw/spm/libtfm_spm.a(spm_connection_pool.o)
                0x00000000000072d8                connection_to_handle
 .text.handle_to_connection
                0x00000000000072f8       0x10 secure_fw/spm/libtfm_spm.a(spm_connection_pool.o)
                0x00000000000072f8                handle_to_connection
 .text.spm_init_connection_space
                0x0000000000007308       0x20 secure_fw/spm/libtfm_spm.a(spm_connection_pool.o)
                0x0000000000007308                spm_init_connection_space
 .text.spm_allocate_connection
                0x0000000000007328        0xc secure_fw/spm/libtfm_spm.a(spm_connection_pool.o)
                0x0000000000007328                spm_allocate_connection
 .text.spm_validate_connection
                0x0000000000007334       0x1c secure_fw/spm/libtfm_spm.a(spm_connection_pool.o)
                0x0000000000007334                spm_validate_connection
 .text.spm_free_connection
                0x0000000000007350        0xc secure_fw/spm/libtfm_spm.a(spm_connection_pool.o)
                0x0000000000007350                spm_free_connection
 .text.tfm_hal_get_ns_VTOR
                0x000000000000735c        0xc secure_fw/spm/libtfm_spm.a(tfm_hal_platform_common.o)
                0x000000000000735c                tfm_hal_get_ns_VTOR
 .text.tfm_hal_get_ns_MSP
                0x0000000000007368        0xc secure_fw/spm/libtfm_spm.a(tfm_hal_platform_common.o)
                0x0000000000007368                tfm_hal_get_ns_MSP
 .text.tfm_hal_get_ns_entry_point
                0x0000000000007374        0xc secure_fw/spm/libtfm_spm.a(tfm_hal_platform_common.o)
                0x0000000000007374                tfm_hal_get_ns_entry_point
 .text.arch_acquire_sched_lock
                0x0000000000007380       0x10 secure_fw/spm/libtfm_spm.a(tfm_arch.o)
                0x0000000000007380                arch_acquire_sched_lock
 .text.arch_release_sched_lock
                0x0000000000007390       0x14 secure_fw/spm/libtfm_spm.a(tfm_arch.o)
                0x0000000000007390                arch_release_sched_lock
 .text.arch_attempt_schedule
                0x00000000000073a4       0x2c secure_fw/spm/libtfm_spm.a(tfm_arch.o)
                0x00000000000073a4                arch_attempt_schedule
 .text.tfm_arch_init_context
                0x00000000000073d0       0x5c secure_fw/spm/libtfm_spm.a(tfm_arch.o)
                0x00000000000073d0                tfm_arch_init_context
 .text.tfm_spm_partition_psa_wait
                0x000000000000742c       0x3c secure_fw/spm/libtfm_spm.a(psa_api.o)
                0x000000000000742c                tfm_spm_partition_psa_wait
 .text.tfm_spm_partition_psa_get
                0x0000000000007468       0x78 secure_fw/spm/libtfm_spm.a(psa_api.o)
                0x0000000000007468                tfm_spm_partition_psa_get
 .text.tfm_pool_alloc
                0x00000000000074e0       0x20 secure_fw/spm/libtfm_spm.a(tfm_pools.o)
                0x00000000000074e0                tfm_pool_alloc
 .text.is_valid_chunk_data_in_pool
                0x0000000000007500       0x38 secure_fw/spm/libtfm_spm.a(tfm_pools.o)
                0x0000000000007500                is_valid_chunk_data_in_pool
 .text.spm_associate_call_params
                0x0000000000007538      0x18c secure_fw/spm/libtfm_spm.a(psa_call_api.o)
                0x0000000000007538                spm_associate_call_params
 .text.tfm_spm_partition_psa_read
                0x00000000000076c4       0x74 secure_fw/spm/libtfm_spm.a(psa_read_write_skip_api.o)
                0x00000000000076c4                tfm_spm_partition_psa_read
 .text.tfm_spm_partition_psa_write
                0x0000000000007738       0x78 secure_fw/spm/libtfm_spm.a(psa_read_write_skip_api.o)
                0x0000000000007738                tfm_spm_partition_psa_write
 .text.tfm_core_panic
                0x00000000000077b0        0x4 secure_fw/spm/libtfm_spm.a(utilities.o)
                0x00000000000077b0                tfm_core_panic
 .text.tfm_arch_thread_fn_call
                0x00000000000077b4       0x52 secure_fw/spm/libtfm_spm.a(tfm_arch_v8m_main.o)
                0x00000000000077b4                tfm_arch_thread_fn_call
 .text.PendSV_Handler
                0x0000000000007806       0x54 secure_fw/spm/libtfm_spm.a(tfm_arch_v8m_main.o)
                0x0000000000007806                PendSV_Handler
 .text.tfm_arch_config_extensions
                0x000000000000785a        0x2 secure_fw/spm/libtfm_spm.a(tfm_arch_v8m_main.o)
                0x000000000000785a                tfm_arch_config_extensions
 .text.tfm_hal_activate_boundary
                0x000000000000785c       0x1c secure_fw/spm/libtfm_spm.a(tfm_hal_isolation.o)
                0x000000000000785c                tfm_hal_activate_boundary
 .text.tfm_hal_memory_check
                0x0000000000007878       0x5e secure_fw/spm/libtfm_spm.a(tfm_hal_isolation.o)
                0x0000000000007878                tfm_hal_memory_check
 .text.tfm_hal_set_up_static_boundaries
                0x00000000000078d6       0x2a secure_fw/spm/libtfm_spm.a(tfm_hal_isolation.o)
                0x00000000000078d6                tfm_hal_set_up_static_boundaries
 .text.tfm_hal_boundary_need_switch
                0x0000000000007900       0x1a secure_fw/spm/libtfm_spm.a(tfm_hal_isolation.o)
                0x0000000000007900                tfm_hal_boundary_need_switch
 .text.SPU00_IRQHandler
                0x000000000000791a       0x1c secure_fw/spm/libtfm_spm.a(faults.o)
                0x000000000000791a                SPU00_IRQHandler
 .text.SPU10_IRQHandler
                0x0000000000007936       0x1c secure_fw/spm/libtfm_spm.a(faults.o)
                0x0000000000007936                SPU10_IRQHandler
 .text.SPU20_IRQHandler
                0x0000000000007952       0x1c secure_fw/spm/libtfm_spm.a(faults.o)
                0x0000000000007952                SPU20_IRQHandler
 .text.SPU30_IRQHandler
                0x000000000000796e       0x1c secure_fw/spm/libtfm_spm.a(faults.o)
                0x000000000000796e                SPU30_IRQHandler
 .text.mpc_configure_override.constprop.0
                0x000000000000798a       0x34 secure_fw/spm/libtfm_spm.a(target_cfg_54l.o)
 .text.NVIC_ClearTargetState.isra.0
                0x00000000000079be       0x26 secure_fw/spm/libtfm_spm.a(target_cfg_54l.o)
 .text.init_debug
                0x00000000000079e4        0x4 secure_fw/spm/libtfm_spm.a(target_cfg_54l.o)
                0x00000000000079e4                init_debug
 .text.spm_get_async_replied_handle
                0x00000000000079e8       0x44 secure_fw/spm/libtfm_spm.a(spm_ipc.o)
                0x00000000000079e8                spm_get_async_replied_handle
 .text.spm_get_handle_by_signal
                0x0000000000007a2c       0x4a secure_fw/spm/libtfm_spm.a(spm_ipc.o)
                0x0000000000007a2c                spm_get_handle_by_signal
 .text.tfm_spm_check_client_version
                0x0000000000007a76       0x24 secure_fw/spm/libtfm_spm.a(spm_ipc.o)
                0x0000000000007a76                tfm_spm_check_client_version
 .text.spm_msg_handle_to_connection
                0x0000000000007a9a       0x28 secure_fw/spm/libtfm_spm.a(spm_ipc.o)
                0x0000000000007a9a                spm_msg_handle_to_connection
 .text.tfm_spm_get_client_id
                0x0000000000007ac2       0x20 secure_fw/spm/libtfm_spm.a(spm_ipc.o)
                0x0000000000007ac2                tfm_spm_get_client_id
 .text.load_irqs_assuredly
                0x0000000000007ae2        0x2 secure_fw/spm/libtfm_spm.a(rom_loader.o)
                0x0000000000007ae2                load_irqs_assuredly
 .text.query_state
                0x0000000000007ae4       0x58 secure_fw/spm/libtfm_spm.a(backend_ipc.o)
 .text.backend_wait_signals
                0x0000000000007b3c       0x20 secure_fw/spm/libtfm_spm.a(backend_ipc.o)
                0x0000000000007b3c                backend_wait_signals
 .text.backend_assert_signal
                0x0000000000007b5c       0x2c secure_fw/spm/libtfm_spm.a(backend_ipc.o)
                0x0000000000007b5c                backend_assert_signal
 .text.backend_messaging
                0x0000000000007b88       0x3c secure_fw/spm/libtfm_spm.a(backend_ipc.o)
                0x0000000000007b88                backend_messaging
 .text.backend_replying
                0x0000000000007bc4       0x16 secure_fw/spm/libtfm_spm.a(backend_ipc.o)
                0x0000000000007bc4                backend_replying
 .text.backend_abi_leaving_spm
                0x0000000000007bda       0x1e secure_fw/spm/libtfm_spm.a(backend_ipc.o)
                0x0000000000007bda                backend_abi_leaving_spm
 .text.thrd_start_scheduler
                0x0000000000007bf8       0x1c secure_fw/spm/libtfm_spm.a(thread.o)
                0x0000000000007bf8                thrd_start_scheduler
 .text.tfm_hal_platform_common_init
                0x0000000000007c14       0x36 secure_fw/spm/libtfm_spm.a(tfm_hal_platform_common.o)
                0x0000000000007c14                tfm_hal_platform_common_init
 .text.tfm_arch_free_msp_and_exc_ret
                0x0000000000007c4a        0x8 secure_fw/spm/libtfm_spm.a(tfm_arch.o)
                0x0000000000007c4a                tfm_arch_free_msp_and_exc_ret
 .text.tfm_arch_set_context_ret_code
                0x0000000000007c52        0x6 secure_fw/spm/libtfm_spm.a(tfm_arch.o)
                0x0000000000007c52                tfm_arch_set_context_ret_code